################################################################################
#                                                                              #
#      IAR Universal Linker V6.6.2.104                                         #
#                                                                              #
#           Link time     =  15/Dec/2023  07:22:09                             #
#           Target CPU    =  x51                                               #
#           List file     =  "C:\Users\tomca\Desktop\working IAR\ide\rfusb_cc1 #
#                            111\iar\Temp\simple_hid_dongle.map"               #
#           Output file 1 =  "C:\Users\tomca\Desktop\working IAR\ide\rfusb_cc1 #
#                            111\iar\simple_hid_dongle.hex"                    #
#                            Format: intel-extended                            #
#           Output file 2 =  "C:\Users\tomca\Desktop\working IAR\ide\rfusb_cc1 #
#                            111\iar\simple_hid_dongle.d51"                    #
#                            Format: ubrof10                                   #
#                            UBROF version 10.0.6                              #
#                            Using library modules for C-SPY (-rt)             #
#           Command line  =  -f C:\Users\tomca\AppData\Local\Temp\EWB632.tmp   #
#                            ("C:\Users\tomca\Desktop\working IAR\ide\rfusb_cc #
#                            1111\iar\temp\simple_hid_dongle\aes.r51"          #
#                            "C:\Users\tomca\Desktop\working IAR\ide\rfusb_cc1 #
#                            111\iar\temp\simple_hid_dongle\rxtest.r51"        #
#                            -o                                                #
#                            "C:\Users\tomca\Desktop\working IAR\ide\rfusb_cc1 #
#                            111\iar\simple_hid_dongle.d51"                    #
#                            -l                                                #
#                            "C:\Users\tomca\Desktop\working IAR\ide\rfusb_cc1 #
#                            111\iar\Temp\simple_hid_dongle.map"               #
#                            -xmsn                                             #
#                            "-IC:\Users\tomca\Desktop\working IAR\ide\rfusb_c #
#                            c1111\iar\..\..\..\tools\cc1111\"                 #
#                            -f                                                #
#                            "C:\Users\tomca\Desktop\working IAR\ide\rfusb_cc1 #
#                            111\iar\lnk51ew_cc1111.xcl"                       #
#                            (-D_IDATA0_START=0x00 -D_IDATA0_END=0xFF          #
#                            -D_PDATA0_START=0xF000 -D_PDATA0_END=0xF0FF       #
#                            -D_IXDATA0_START=0x00F000                         #
#                            -D_IXDATA0_END=0x00FDA1                           #
#                            -D_XDATA0_START=0x00F000 -D_XDATA0_END=0x00FDA1   #
#                            -D_CODE0_START=0x000000 -D_CODE0_END=0x007FFF     #
#                            -D?REGISTER_BANK=0x0 -D_REGISTER_BANK_START=0x0   #
#                            -D_BREG_START=0x00 -D?VB=0x20 -D?B=F0 -D?IE=A8    #
#                            -D?IP=A9 -Z(BIT)BREG=_BREG_START                  #
#                            -Z(BIT)BIT_N=0-7F                                 #
#                            -Z(DATA)REGISTERS+8=_REGISTER_BANK_START          #
#                            -Z(DATA)BDATA_Z,BDATA_N,BDATA_I=20-2F             #
#                            -Z(DATA)VREG=08-7F -Z(DATA)PSP,XSP=08-7F          #
#                            -Z(DATA)DOVERLAY=08-7F                            #
#                            -Z(DATA)DATA_I,DATA_Z,DATA_N=08-7F                #
#                            -U(IDATA)0-7F=(DATA)0-7F                          #
#                            -Z(IDATA)IDATA_I,IDATA_Z,IDATA_N=08-_IDATA0_END   #
#                            -Z(IDATA)ISTACK+_IDATA_STACK_SIZE#08-_IDATA0_END  #
#                            -Z(IDATA)IOVERLAY=08-FF -Z(CODE)INTVEC=0          #
#                            -Z(CODE)CSTART=_CODE0_START-_CODE0_END            #
#                            -Z(CODE)BIT_ID,BDATA_ID,DATA_ID,IDATA_ID,IXDATA_I #
#                            D,PDATA_ID,XDATA_ID=_CODE0_START-_CODE0_END       #
#                            -Z(CODE)RCODE,DIFUNCT,CODE_C,CODE_N,NEAR_CODE=_CO #
#                            DE0_START-_CODE0_END                              #
#                            -Z(CODE)CHECKSUM#_CODE0_END                       #
#                            -Z(XDATA)PDATA_Z,PDATA_I=_PDATA0_START-_PDATA0_EN #
#                            D                                                 #
#                            -P(XDATA)PDATA_N=_PDATA0_START-_PDATA0_END        #
#                            -Z(XDATA)PSTACK+_PDATA_STACK_SIZE=_PDATA0_START-_ #
#                            PDATA0_END                                        #
#                            -Z(XDATA)EXT_STACK+_EXTENDED_STACK_SIZE=_EXTENDED #
#                            _STACK_START                                      #
#                            -Z(XDATA)XSTACK+_XDATA_STACK_SIZE=_XDATA0_START-_ #
#                            XDATA0_END                                        #
#                            -Z(XDATA)IXDATA_Z,IXDATA_I=_IXDATA0_START-_IXDATA #
#                            0_END                                             #
#                            -P(XDATA)IXDATA_N=_IXDATA0_START-_IXDATA0_END     #
#                            -Z(XDATA)XDATA_Z,XDATA_I=_XDATA0_START-_XDATA0_EN #
#                            D                                                 #
#                            -P(XDATA)XDATA_N=_XDATA0_START-_XDATA0_END        #
#                            -Z(XDATA)XDATA_HEAP+_XDATA_HEAP_SIZE=_XDATA0_STAR #
#                            T-_XDATA0_END                                     #
#                            -Z(CONST)XDATA_ROM_C=_XDATA0_START-_XDATA0_END    #
#                            -cx51 -Z(XDATA)XDATA_SCRATCH=0xFDA2-0xFEFF)       #
#                            "-IC:\Program Files (x86)\IAR Systems\Embedded Wo #
#                            rkbench 8.3\8051\CONFIG\"                         #
#                            -D_NR_OF_VIRTUAL_REGISTERS=8 -D?PBANK=0xA0        #
#                            -D?CBANK=0xC7 -D?CBANK_MASK=0x30                  #
#                            -e?BCALL_30=?BCALL -e?BRET_30=?BRET               #
#                            -e?BDISPATCH_30=?BDISPATCH                        #
#                            -D_CODEBANK_START=0x8000 -D_CODEBANK_END=0xFFFF   #
#                            -D_NR_OF_BANKS=0x03                               #
#                            -e_medium_write=_formatted_write                  #
#                            -e_medium_read=_formatted_read -rt                #
#                            "-Ointel-extended=C:\Users\tomca\Desktop\working  #
#                            IAR\ide\rfusb_cc1111\iar\simple_hid_dongle.hex"   #
#                            -s __program_start                                #
#                            "C:\Program Files (x86)\IAR Systems\Embedded Work #
#                            bench 8.3\8051\LIB\CLIB\cl-pli-nlxd-1e16x01.r51"  #
#                            -D_IDATA_STACK_SIZE=0x40 -D?ESP=0 -D?ESP_MASK=0   #
#                            -D_EXTENDED_STACK_START=0                         #
#                            -D_EXTENDED_STACK_SIZE=0                          #
#                            -D_PDATA_STACK_SIZE=0x80                          #
#                            -D_XDATA_STACK_SIZE=0x100                         #
#                            -D_XDATA_HEAP_SIZE=0xFF -D_FAR_HEAP_SIZE=0xFFF    #
#                            -D_HUGE_HEAP_SIZE=0xFFF                           #
#                            -D_FAR22_HEAP_SIZE=0xFFF)                         #
#                                                                              #
#                           Copyright (C) 1987-2019 IAR Systems AB.            #
################################################################################





                ****************************************
                *                                      *
                *           CROSS REFERENCE            *
                *                                      *
                ****************************************

       Program entry at : CODE      00000034  Relocatable, from module : CSTARTUP




                ****************************************
                *                                      *
                *            RUNTIME MODEL             *
                *                                      *
                ****************************************

  __SystemLibrary          = CLib
  __calling_convention     = xdata_reentrant
  __code_model             = near
  __core                   = plain
  __data_model             = large
  __dptr_size              = 16
  __extended_stack         = disabled
  __location_for_constants = data
  __number_of_dptrs        = 1
  __register_banks         = *
  __rt_version             = 1

                ****************************************
                *                                      *
                *    AUTOMATIC SYMBOL REDIRECTIONS     *
                *                                      *
                ****************************************

                  There are no automatic symbol redirections.



                ****************************************
                *                                      *
                *              MODULE MAP              *
                *                                      *
                ****************************************


  DEFINED ABSOLUTE ENTRIES
    *************************************************************************

  DEFINED ABSOLUTE ENTRIES
  PROGRAM MODULE, NAME : ?ABS_ENTRY_MOD

Absolute parts
           ENTRY                   ADDRESS         REF BY
           =====                   =======         ======
           _FAR22_HEAP_SIZE        00000FFF 
           _HUGE_HEAP_SIZE         00000FFF 
           _FAR_HEAP_SIZE          00000FFF 
           _XDATA_HEAP_SIZE        000000FF 
           _XDATA_STACK_SIZE       00000100 
           _PDATA_STACK_SIZE       00000080 
           _EXTENDED_STACK_SIZE    00000000 
           _EXTENDED_STACK_START   00000000 
           ?ESP_MASK               00000000 
           ?ESP                    00000000 
           _IDATA_STACK_SIZE       00000040 
           _NR_OF_BANKS            00000003 
           _CODEBANK_END           0000FFFF 
           _CODEBANK_START         00008000 
           ?CBANK_MASK             00000030 
           ?CBANK                  000000C7 
           ?PBANK                  000000A0 
           _NR_OF_VIRTUAL_REGISTERS
                                   00000008 
           ?IP                     000000A9 
           ?IE                     000000A8        ?ALLOC_XSTACK8 (?ALLOC_XSTACK8)
                                                   ?DEALLOC_XSTACK8 (?DEALLOC_XSTACK8)
                                                   ?FUNC_ENTER_XDATA (?FUNC_ENTER_XDATA)
                                                   ?FUNC_LEAVE_XDATA (?FUNC_LEAVE_XDATA)
           ?B                      000000F0        ?L_MUL_REW (?L_MUL)
                                                   ?US_DIV_MOD (?S_DIV_MOD)
                                                   xtime (aes)
           ?VB                     00000020        ?FUNC_ENTER_XDATA (?FUNC_ENTER_XDATA)
                                                   ?FUNC_LEAVE_XDATA (?FUNC_LEAVE_XDATA)
           _BREG_START             00000000 
           _REGISTER_BANK_START    00000000 
           ?REGISTER_BANK          00000000        Segment part 6 (CSTARTUP)
           _CODE0_END              00007FFF 
           _CODE0_START            00000000 
           _XDATA0_END             0000FDA1 
           _XDATA0_START           0000F000 
           _IXDATA0_END            0000FDA1 
           _IXDATA0_START          0000F000 
           _PDATA0_END             0000F0FF 
           _PDATA0_START           0000F000 
           _IDATA0_END             000000FF 
           _IDATA0_START           00000000 
    *************************************************************************

  FILE NAME : C:\Users\tomca\Desktop\working IAR\ide\rfusb_cc1111\iar\temp\simple_hid_dongle\aes.r51
  PROGRAM MODULE, NAME : aes

  SEGMENTS IN THE MODULE
  ======================
XDATA_I
  Relative segment, address: XDATA 0000F100 - 0000F10F (0x10 bytes), align: 0
  Segment part 11.            Intra module refs:   main
    -------------------------------------------------------------------------
XDATA_I
  Relative segment, address: XDATA 0000F110 - 0000F11F (0x10 bytes), align: 0
  Segment part 13.            Intra module refs:   main
    -------------------------------------------------------------------------
XDATA_I
  Relative segment, address: XDATA 0000F120 - 0000F12F (0x10 bytes), align: 0
  Segment part 15.            Intra module refs:   main
    -------------------------------------------------------------------------
XDATA_I
  Relative segment, address: XDATA 0000F130 - 0000F22F (0x100 bytes), align: 0
  Segment part 17.            Intra module refs:   ?Subroutine13
                                                   KeyExpansion
                                                   Segment part 45
           LOCAL                   ADDRESS         
           =====                   =======         
           sbox                    0000F130 
    -------------------------------------------------------------------------
XDATA_I
  Relative segment, address: XDATA 0000F230 - 0000F23A (0xb bytes), align: 0
  Segment part 19.            Intra module refs:   KeyExpansion
           LOCAL                   ADDRESS         
           =====                   =======         
           Rcon                    0000F230 
    -------------------------------------------------------------------------
NEAR_CODE
  Relative segment, address: CODE 00000422 - 00000573 (0x152 bytes), align: 0
  Segment part 21.            Intra module refs:   AES_init_ctx
           LOCAL                   ADDRESS         
           =====                   =======         
           KeyExpansion            00000422 
               XSTACK = 00000000 ( 0000000F )
               ISTACK = 00000000 ( 00000001 )
    -------------------------------------------------------------------------
NEAR_CODE
  Relative segment, address: CODE 00000574 - 00000578 (0x5 bytes), align: 0
  Segment part 22.            Intra module refs:   KeyExpansion
                                                   MixColumns
           LOCAL                   ADDRESS         
           =====                   =======         
           ?Subroutine0            00000574 
    -------------------------------------------------------------------------
NEAR_CODE
  Relative segment, address: CODE 00000579 - 00000584 (0xc bytes), align: 0
  Segment part 23.            Intra module refs:   KeyExpansion
           LOCAL                   ADDRESS         
           =====                   =======         
           ?Subroutine10           00000579 
    -------------------------------------------------------------------------
NEAR_CODE
  Relative segment, address: CODE 00000585 - 0000058A (0x6 bytes), align: 0
  Segment part 24.            Intra module refs:   KeyExpansion
           LOCAL                   ADDRESS         
           =====                   =======         
           ?Subroutine9            00000585 
    -------------------------------------------------------------------------
NEAR_CODE
  Relative segment, address: CODE 0000058B - 00000593 (0x9 bytes), align: 0
  Segment part 25.            Intra module refs:   ?Subroutine9
                                                   KeyExpansion
           LOCAL                   ADDRESS         
           =====                   =======         
           ?Subroutine15           0000058B 
    -------------------------------------------------------------------------
NEAR_CODE
  Relative segment, address: CODE 00000594 - 00000594 (0x1 bytes), align: 0
  Segment part 26.            Intra module refs:   KeyExpansion
           LOCAL                   ADDRESS         
           =====                   =======         
           ?Subroutine4            00000594 
    -------------------------------------------------------------------------
NEAR_CODE
  Relative segment, address: CODE 00000595 - 0000059C (0x8 bytes), align: 0
  Segment part 27.            Intra module refs:   ?Subroutine4
                                                   KeyExpansion
    -------------------------------------------------------------------------
NEAR_CODE
  Relative segment, address: CODE 0000059D - 0000059F (0x3 bytes), align: 0
  Segment part 28.            Intra module refs:   main
           ENTRY                   ADDRESS         REF BY
           =====                   =======         ======
           AES_init_ctx            0000059D 
               calls direct
               XSTACK = 000000F0 ( 00000000 )
    -------------------------------------------------------------------------
NEAR_CODE
  Relative segment, address: CODE 000005A0 - 00000618 (0x79 bytes), align: 0
  Segment part 29.            Intra module refs:   Cipher
           LOCAL                   ADDRESS         
           =====                   =======         
           AddRoundKey             000005A0 
               XSTACK = 0000000D ( 0000000D )
    -------------------------------------------------------------------------
NEAR_CODE
  Relative segment, address: CODE 00000619 - 0000061D (0x5 bytes), align: 0
  Segment part 30.            Intra module refs:   AddRoundKey
                                                   Cipher
           LOCAL                   ADDRESS         
           =====                   =======         
           ?Subroutine1            00000619 
    -------------------------------------------------------------------------
NEAR_CODE
  Relative segment, address: CODE 0000061E - 0000068C (0x6f bytes), align: 0
  Segment part 31.            Intra module refs:   Cipher
           LOCAL                   ADDRESS         
           =====                   =======         
           ShiftRows               0000061E 
               XSTACK = 0000000D ( 00000008 )
               ISTACK = 00000000 ( 00000001 )
    -------------------------------------------------------------------------
NEAR_CODE
  Relative segment, address: CODE 0000068D - 0000069B (0xf bytes), align: 0
  Segment part 32.            Intra module refs:   ShiftRows
           LOCAL                   ADDRESS         
           =====                   =======         
           ?Subroutine12           0000068D 
    -------------------------------------------------------------------------
NEAR_CODE
  Relative segment, address: CODE 0000069C - 000006AB (0x10 bytes), align: 0
  Segment part 33.            Intra module refs:   ShiftRows
           LOCAL                   ADDRESS         
           =====                   =======         
           ?Subroutine11           0000069C 
    -------------------------------------------------------------------------
NEAR_CODE
  Relative segment, address: CODE 000006AC - 000006B3 (0x8 bytes), align: 0
  Segment part 34.            Intra module refs:   ShiftRows
           LOCAL                   ADDRESS         
           =====                   =======         
           ?Subroutine5            000006AC 
    -------------------------------------------------------------------------
NEAR_CODE
  Relative segment, address: CODE 000006B4 - 000006BA (0x7 bytes), align: 0
  Segment part 35.            Intra module refs:   ?Subroutine5
                                                   ShiftRows
    -------------------------------------------------------------------------
NEAR_CODE
  Relative segment, address: CODE 000006BB - 000006C6 (0xc bytes), align: 0
  Segment part 36.            Intra module refs:   ShiftRows
           LOCAL                   ADDRESS         
           =====                   =======         
           ?Subroutine3            000006BB 
    -------------------------------------------------------------------------
NEAR_CODE
  Relative segment, address: CODE 000006C7 - 000006D4 (0xe bytes), align: 0
  Segment part 37.            Intra module refs:   ?Subroutine3
                                                   ShiftRows
           LOCAL                   ADDRESS         
           =====                   =======         
           ?Subroutine16           000006C7 
    -------------------------------------------------------------------------
NEAR_CODE
  Relative segment, address: CODE 000006D5 - 000006E3 (0xf bytes), align: 0
  Segment part 38.            Intra module refs:   ?Subroutine2
                                                   MixColumns
           LOCAL                   ADDRESS         
           =====                   =======         
           xtime                   000006D5 
               XSTACK = 00000012 ( 00000000 )
    -------------------------------------------------------------------------
NEAR_CODE
  Relative segment, address: CODE 000006E4 - 00000790 (0xad bytes), align: 0
  Segment part 39.            Intra module refs:   Cipher
           LOCAL                   ADDRESS         
           =====                   =======         
           MixColumns              000006E4 
               calls direct
               XSTACK = 0000000D ( 00000012 )
               ISTACK = 00000000 ( 00000001 )
    -------------------------------------------------------------------------
NEAR_CODE
  Relative segment, address: CODE 00000791 - 00000798 (0x8 bytes), align: 0
  Segment part 40.            Intra module refs:   KeyExpansion
                                                   MixColumns
           LOCAL                   ADDRESS         
           =====                   =======         
           ?Subroutine7            00000791 
    -------------------------------------------------------------------------
NEAR_CODE
  Relative segment, address: CODE 00000799 - 000007A7 (0xf bytes), align: 0
  Segment part 41.            Intra module refs:   MixColumns
           LOCAL                   ADDRESS         
           =====                   =======         
           ?Subroutine6            00000799 
    -------------------------------------------------------------------------
NEAR_CODE
  Relative segment, address: CODE 000007A8 - 000007B5 (0xe bytes), align: 0
  Segment part 42.            Intra module refs:   MixColumns
           LOCAL                   ADDRESS         
           =====                   =======         
           ?Subroutine2            000007A8 
    -------------------------------------------------------------------------
NEAR_CODE
  Relative segment, address: CODE 000007B6 - 0000083C (0x87 bytes), align: 0
  Segment part 43.            Intra module refs:   main
           LOCAL                   ADDRESS         
           =====                   =======         
           Cipher                  000007B6 
               calls direct
               XSTACK = 000000F0 ( 0000000D )
               ISTACK = 00000000 ( 00000001 )
    -------------------------------------------------------------------------
NEAR_CODE
  Relative segment, address: CODE 0000083D - 0000083F (0x3 bytes), align: 0
  Segment part 44.            Intra module refs:   Cipher
                                                   KeyExpansion
           LOCAL                   ADDRESS         
           =====                   =======         
           ?Subroutine13           0000083D 
    -------------------------------------------------------------------------
NEAR_CODE
  Relative segment, address: CODE 00000840 - 00000848 (0x9 bytes), align: 0
  Segment part 45.            Intra module refs:   ?Subroutine13
                                                   KeyExpansion
    -------------------------------------------------------------------------
SFR_AN
  Relative segment, address: DATA 00000090 - 00000090 (0x1 bytes), align: 0
  Segment part 1. ROOT        Intra module refs:   led_toggle
                                                   main
           ENTRY                   ADDRESS         REF BY
           =====                   =======         ======
           _A_P1                   00000090 
           LOCAL                   ADDRESS         
           =====                   =======         
           P1                      00000090 
    -------------------------------------------------------------------------
SFR_AN
  Relative segment, address: DATA 000000BE - 000000BE (0x1 bytes), align: 0
  Segment part 2. ROOT        Intra module refs:   main
           ENTRY                   ADDRESS         REF BY
           =====                   =======         ======
           SLEEP                   000000BE 
    -------------------------------------------------------------------------
SFR_AN
  Relative segment, address: DATA 000000C6 - 000000C6 (0x1 bytes), align: 0
  Segment part 3. ROOT        Intra module refs:   main
           ENTRY                   ADDRESS         REF BY
           =====                   =======         ======
           CLKCON                  000000C6 
    -------------------------------------------------------------------------
SFR_AN
  Relative segment, address: DATA 000000E1 - 000000E1 (0x1 bytes), align: 0
  Segment part 4. ROOT        Intra module refs:   main
           ENTRY                   ADDRESS         REF BY
           =====                   =======         ======
           RFST                    000000E1 
    -------------------------------------------------------------------------
SFR_AN
  Relative segment, address: DATA 000000FE - 000000FE (0x1 bytes), align: 0
  Segment part 5. ROOT        Intra module refs:   main
           ENTRY                   ADDRESS         REF BY
           =====                   =======         ======
           P1DIR                   000000FE 
    -------------------------------------------------------------------------
NEAR_CODE
  Relative segment, address: CODE 00000849 - 00000870 (0x28 bytes), align: 0
  Segment part 46.            Intra module refs:   main
           ENTRY                   ADDRESS         REF BY
           =====                   =======         ======
           delay                   00000849 
               XSTACK = 000000F0 ( 00000000 )
    -------------------------------------------------------------------------
NEAR_CODE
  Relative segment, address: CODE 00000871 - 00000874 (0x4 bytes), align: 0
  Segment part 47.            Intra module refs:   main
           ENTRY                   ADDRESS         REF BY
           =====                   =======         ======
           led_toggle              00000871 
               XSTACK = 000000F0 ( 00000000 )
    -------------------------------------------------------------------------
NEAR_CODE
  Relative segment, address: CODE 00000875 - 0000092F (0xbb bytes), align: 0
  Segment part 48.            Intra module refs:   main
           ENTRY                   ADDRESS         REF BY
           =====                   =======         ======
           loadConfig1             00000875 
               XSTACK = 000000F0 ( 00000000 )
               ISTACK = 00000000 ( 00000002 )
    -------------------------------------------------------------------------
NEAR_CODE
  Relative segment, address: CODE 00000930 - 00000935 (0x6 bytes), align: 0
  Segment part 49.            Intra module refs:   loadConfig1
           LOCAL                   ADDRESS         
           =====                   =======         
           ?Subroutine8            00000930 
    -------------------------------------------------------------------------
NEAR_CODE
  Relative segment, address: CODE 00000936 - 0000093B (0x6 bytes), align: 0
  Segment part 50.            Intra module refs:   ?Subroutine8
                                                   loadConfig1
           LOCAL                   ADDRESS         
           =====                   =======         
           ?Subroutine14           00000936 
    -------------------------------------------------------------------------
NEAR_CODE
  Relative segment, address: CODE 0000093C - 00000A3B (0x100 bytes), align: 0
  Segment part 51.
           ENTRY                   ADDRESS         REF BY
           =====                   =======         ======
           main                    0000093C        ?call_main (?cmain)
               calls direct
               XSTACK = 00000000 ( 000000F0 )
               ISTACK = 00000000 ( 00000001 )
    -------------------------------------------------------------------------
XDATA_ID
  Relative segment, address: CODE 00000043 - 00000052 (0x10 bytes), align: 0
  Segment part 12.            Intra module refs:   Segment part 11
    -------------------------------------------------------------------------
XDATA_ID
  Relative segment, address: CODE 00000053 - 00000062 (0x10 bytes), align: 0
  Segment part 14.            Intra module refs:   Segment part 13
    -------------------------------------------------------------------------
XDATA_ID
  Relative segment, address: CODE 00000063 - 00000072 (0x10 bytes), align: 0
  Segment part 16.            Intra module refs:   Segment part 15
    -------------------------------------------------------------------------
XDATA_ID
  Relative segment, address: CODE 00000073 - 00000172 (0x100 bytes), align: 0
  Segment part 18.            Intra module refs:   sbox
    -------------------------------------------------------------------------
XDATA_ID
  Relative segment, address: CODE 00000173 - 0000017D (0xb bytes), align: 0
  Segment part 20.            Intra module refs:   Rcon

    *************************************************************************

  FILE NAME : C:\Users\tomca\Desktop\working IAR\ide\rfusb_cc1111\iar\temp\simple_hid_dongle\rxtest.r51
    *************************************************************************

  FILE NAME : C:\Program Files (x86)\IAR Systems\Embedded Workbench 8.3\8051\LIB\CLIB\cl-pli-nlxd-1e16x01.r51
  LIBRARY MODULE, NAME : ?cexit

  SEGMENTS IN THE MODULE
  ======================
CSTART
  Relative segment, address: CODE 00000003 - 00000007 (0x5 bytes), align: 0
  Segment part 0.
           ENTRY                   ADDRESS         REF BY
           =====                   =======         ======
           exit                    00000003        ?call_main (?cmain)
           ?C_EXIT                 00000003 
           ?ROM_MONITOR_NOPS       00000003 

    -------------------------------------------------------------------------
  LIBRARY MODULE, NAME : ?cmain

  SEGMENTS IN THE MODULE
  ======================
CSTART
  Relative segment, address: CODE 00000008, align: 0
  Segment part 5.
           ENTRY                   ADDRESS         REF BY
           =====                   =======         ======
           ?cmain                  00000008        Segment part 13 (CSTARTUP)
               calls direct
    -------------------------------------------------------------------------
CSTART
  Relative segment, address: CODE 00000008 - 0000002D (0x26 bytes), align: 0
  Segment part 33.
           ENTRY                   ADDRESS         REF BY
           =====                   =======         ======
           __INIT_XDATA_I          00000008        Rcon (aes)
                                                   Segment part 11 (aes)
                                                   Segment part 13 (aes)
                                                   Segment part 15 (aes)
                                                   __Constant_3039 (?rand)
                                                   __Constant_41c64e6d (?rand)
                                                   __next_rand (?rand)
                                                   sbox (aes)
    -------------------------------------------------------------------------
CSTART
  Relative segment, address: CODE 0000002E - 00000033 (0x6 bytes), align: 0
  Segment part 38.            Intra module refs:   ?cmain
           ENTRY                   ADDRESS         REF BY
           =====                   =======         ======
           ?call_main              0000002E 

    -------------------------------------------------------------------------
  LIBRARY MODULE, NAME : CSTARTUP

  SEGMENTS IN THE MODULE
  ======================
REGISTERS
  Relative segment, address: DATA 00000000, align: 0
  Segment part 0.             Intra module refs:   Segment part 6
           ENTRY                   ADDRESS         REF BY
           =====                   =======         ======
           ?REGISTERS              00000000 
    -------------------------------------------------------------------------
ISTACK
  Relative segment, address: IDATA 000000C0, align: 0
  Segment part 1.             Intra module refs:   Segment part 6
           ENTRY                   ADDRESS         REF BY
           =====                   =======         ======
           ?ISTACK_START           000000C0 
    -------------------------------------------------------------------------
XSTACK
  Relative segment, address: XDATA 0000F000, align: 0
  Segment part 3.             Intra module refs:   ?RESET_XSP
           ENTRY                   ADDRESS         REF BY
           =====                   =======         ======
           ?XSTACK_START           0000F000 
    -------------------------------------------------------------------------
INTVEC
  Common segment, address: CODE 00000000 - 00000002 (0x3 bytes), align: 0
  Segment part 5. ROOT        Intra module refs:   Segment part 6
    -------------------------------------------------------------------------
CSTART
  Relative segment, address: CODE 00000034 - 00000039 (0x6 bytes), align: 0
  Segment part 6. ROOT        Intra module refs:   Segment part 5
           ENTRY                   ADDRESS         REF BY
           =====                   =======         ======
           __program_start         00000034        Absolute parts (?ABS_ENTRY_MOD)
           ?RESET_SP               00000037 
    -------------------------------------------------------------------------
CSTART
  Relative segment, address: CODE 0000003A - 0000003F (0x6 bytes), align: 0
  Segment part 8.
           ENTRY                   ADDRESS         REF BY
           =====                   =======         ======
           ?RESET_XSP              0000003A        ?XSP (VIRTUAL_REGISTERS)
    -------------------------------------------------------------------------
CSTART
  Relative segment, address: CODE 00000040 - 00000042 (0x3 bytes), align: 0
  Segment part 13.            Intra module refs:   Absolute parts

    -------------------------------------------------------------------------
  LIBRARY MODULE, NAME : VIRTUAL_REGISTERS

  SEGMENTS IN THE MODULE
  ======================
BREG
  Relative segment, address: BIT 00000020.0 - 00000020.7 (0x8 bits), align: 0
  Segment part 0.
           ENTRY                   ADDRESS         REF BY
           =====                   =======         ======
           ?B0                     00000020.0      Absolute parts (CSTARTUP)
    -------------------------------------------------------------------------
VREG
  Relative segment, address: DATA 00000008 - 00000008 (0x1 bytes), align: 0
  Segment part 1.             Intra module refs:   ?V1
           ENTRY                   ADDRESS         REF BY
           =====                   =======         ======
           ?V0                     00000008        ?FUNC_ENTER_XDATA (?FUNC_ENTER_XDATA)
                                                   ?FUNC_LEAVE_XDATA (?FUNC_LEAVE_XDATA)
                                                   ?Subroutine10 (aes)
                                                   ?Subroutine6 (aes)
                                                   ?Subroutine7 (aes)
                                                   AddRoundKey (aes)
                                                   Cipher (aes)
                                                   KeyExpansion (aes)
                                                   MixColumns (aes)
                                                   main (aes)
                                                   rand (?rand)
    -------------------------------------------------------------------------
VREG
  Relative segment, address: DATA 00000009 - 00000009 (0x1 bytes), align: 0
  Segment part 2.             Intra module refs:   ?V2
           ENTRY                   ADDRESS         REF BY
           =====                   =======         ======
           ?V1                     00000009        ?Subroutine10 (aes)
                                                   ?Subroutine6 (aes)
                                                   ?Subroutine7 (aes)
                                                   AddRoundKey (aes)
                                                   KeyExpansion (aes)
                                                   MixColumns (aes)
                                                   main (aes)
                                                   rand (?rand)
    -------------------------------------------------------------------------
VREG
  Relative segment, address: DATA 0000000A - 0000000A (0x1 bytes), align: 0
  Segment part 3.             Intra module refs:   ?V3
           ENTRY                   ADDRESS         REF BY
           =====                   =======         ======
           ?V2                     0000000A        ?Subroutine6 (aes)
                                                   AddRoundKey (aes)
                                                   Cipher (aes)
                                                   KeyExpansion (aes)
                                                   MixColumns (aes)
                                                   rand (?rand)
    -------------------------------------------------------------------------
VREG
  Relative segment, address: DATA 0000000B - 0000000B (0x1 bytes), align: 0
  Segment part 4.             Intra module refs:   ?V4
           ENTRY                   ADDRESS         REF BY
           =====                   =======         ======
           ?V3                     0000000B        ?Subroutine6 (aes)
                                                   AddRoundKey (aes)
                                                   Cipher (aes)
                                                   KeyExpansion (aes)
                                                   MixColumns (aes)
                                                   rand (?rand)
    -------------------------------------------------------------------------
VREG
  Relative segment, address: DATA 0000000C - 0000000C (0x1 bytes), align: 0
  Segment part 5.             Intra module refs:   ?V5
           ENTRY                   ADDRESS         REF BY
           =====                   =======         ======
           ?V4                     0000000C        ?Subroutine15 (aes)
                                                   AddRoundKey (aes)
                                                   Cipher (aes)
                                                   KeyExpansion (aes)
                                                   MixColumns (aes)
                                                   rand (?rand)
    -------------------------------------------------------------------------
VREG
  Relative segment, address: DATA 0000000D - 0000000D (0x1 bytes), align: 0
  Segment part 6.             Intra module refs:   ?V6
           ENTRY                   ADDRESS         REF BY
           =====                   =======         ======
           ?V5                     0000000D        ?Subroutine15 (aes)
                                                   AddRoundKey (aes)
                                                   Cipher (aes)
                                                   KeyExpansion (aes)
                                                   MixColumns (aes)
                                                   rand (?rand)
    -------------------------------------------------------------------------
VREG
  Relative segment, address: DATA 0000000E - 0000000E (0x1 bytes), align: 0
  Segment part 7.             Intra module refs:   ?V7
           ENTRY                   ADDRESS         REF BY
           =====                   =======         ======
           ?V6                     0000000E        KeyExpansion (aes)
                                                   MixColumns (aes)
                                                   rand (?rand)
    -------------------------------------------------------------------------
VREG
  Relative segment, address: DATA 0000000F - 0000000F (0x1 bytes), align: 0
  Segment part 8.
           ENTRY                   ADDRESS         REF BY
           =====                   =======         ======
           ?V7                     0000000F        ?Subroutine2 (aes)
                                                   KeyExpansion (aes)
                                                   MixColumns (aes)
                                                   rand (?rand)
    -------------------------------------------------------------------------
XSP
  Relative segment, address: DATA 00000010 - 00000011 (0x2 bytes), align: 0
  Segment part 34.
           ENTRY                   ADDRESS         REF BY
           =====                   =======         ======
           ?XSP                    00000010        ?ALLOC_XSTACK8 (?ALLOC_XSTACK8)
                                                   ?DEALLOC_XSTACK8 (?DEALLOC_XSTACK8)
                                                   ?FUNC_ENTER_XDATA (?FUNC_ENTER_XDATA)
                                                   ?FUNC_LEAVE_XDATA (?FUNC_LEAVE_XDATA)
                                                   ?RESET_XSP (CSTARTUP)
                                                   ?XSTACK_DISP0_8 (?XSTACK_DISP8)
                                                   ?XSTACK_DISP101_8 (?XSTACK_DISP8_RP)
                                                   ?XSTACK_DISP102_8 (?XSTACK_DISP8_RP)
                                                   MixColumns (aes)
                                                   main (aes)

    -------------------------------------------------------------------------
  LIBRARY MODULE, NAME : ?L_MUL

  SEGMENTS IN THE MODULE
  ======================
RCODE
  Relative segment, address: CODE 0000018A - 0000018C (0x3 bytes), align: 0
  Segment part 0.
           ENTRY                   ADDRESS         REF BY
           =====                   =======         ======
           ?L_MUL                  0000018A        rand (?rand)
    -------------------------------------------------------------------------
RCODE
  Relative segment, address: CODE 0000018D - 00000209 (0x7d bytes), align: 0
  Segment part 1.             Intra module refs:   ?L_MUL
           ENTRY                   ADDRESS         REF BY
           =====                   =======         ======
           ?L_MUL_REW              0000018D 

    -------------------------------------------------------------------------
  LIBRARY MODULE, NAME : ?UL_SHR

  SEGMENTS IN THE MODULE
  ======================
RCODE
  Relative segment, address: CODE 0000020A - 0000020E (0x5 bytes), align: 0
  Segment part 1.             Intra module refs:   Segment part 2
           ENTRY                   ADDRESS         REF BY
           =====                   =======         ======
           ?UL_SHR                 0000020A        rand (?rand)
    -------------------------------------------------------------------------
RCODE
  Relative segment, address: CODE 0000020F - 00000222 (0x14 bytes), align: 0
  Segment part 2.             Intra module refs:   ?UL_SHR

    -------------------------------------------------------------------------
  LIBRARY MODULE, NAME : ?L_ADD_X

  SEGMENTS IN THE MODULE
  ======================
RCODE
  Relative segment, address: CODE 00000223 - 00000235 (0x13 bytes), align: 0
  Segment part 1.
           ENTRY                   ADDRESS         REF BY
           =====                   =======         ======
           ?L_ADD_X                00000223        rand (?rand)

    -------------------------------------------------------------------------
  LIBRARY MODULE, NAME : ?L_MOV_X

  SEGMENTS IN THE MODULE
  ======================
RCODE
  Relative segment, address: CODE 00000236 - 00000244 (0xf bytes), align: 0
  Segment part 0.
           ENTRY                   ADDRESS         REF BY
           =====                   =======         ======
           ?L_MOV_X                00000236        rand (?rand)

    -------------------------------------------------------------------------
  LIBRARY MODULE, NAME : ?L_MOV_TO_X

  SEGMENTS IN THE MODULE
  ======================
RCODE
  Relative segment, address: CODE 00000245 - 00000253 (0xf bytes), align: 0
  Segment part 2.
           ENTRY                   ADDRESS         REF BY
           =====                   =======         ======
           ?L_MOV_TO_X             00000245        rand (?rand)

    -------------------------------------------------------------------------
  LIBRARY MODULE, NAME : ?MOVE_LONG8_XDATA_XDATA

  SEGMENTS IN THE MODULE
  ======================
RCODE
  Relative segment, address: CODE 00000254 - 00000274 (0x21 bytes), align: 0
  Segment part 0.
           ENTRY                   ADDRESS         REF BY
           =====                   =======         ======
           ?MOVE_LONG8_XDATA_XDATA
                                   00000254        main (aes)

    -------------------------------------------------------------------------
  LIBRARY MODULE, NAME : ?S_DIV_MOD

  SEGMENTS IN THE MODULE
  ======================
RCODE
  Relative segment, address: CODE 00000275 - 000002B5 (0x41 bytes), align: 0
  Segment part 0.
           ENTRY                   ADDRESS         REF BY
           =====                   =======         ======
           ?S_DIV_MOD              000002AE        main (aes)
    -------------------------------------------------------------------------
RCODE
  Relative segment, address: CODE 000002B6 - 0000030E (0x59 bytes), align: 0
  Segment part 1.             Intra module refs:   ?S_DIV_MOD
           ENTRY                   ADDRESS         REF BY
           =====                   =======         ======
           ?US_DIV_MOD             000002B6 

    -------------------------------------------------------------------------
  LIBRARY MODULE, NAME : ?US_SHR

  SEGMENTS IN THE MODULE
  ======================
RCODE
  Relative segment, address: CODE 0000030F - 00000311 (0x3 bytes), align: 0
  Segment part 1.             Intra module refs:   Segment part 2
           ENTRY                   ADDRESS         REF BY
           =====                   =======         ======
           ?US_SHR                 0000030F        KeyExpansion (aes)
    -------------------------------------------------------------------------
RCODE
  Relative segment, address: CODE 00000312 - 0000031D (0xc bytes), align: 0
  Segment part 2.             Intra module refs:   ?US_SHR

    -------------------------------------------------------------------------
  LIBRARY MODULE, NAME : ?S_SHL

  SEGMENTS IN THE MODULE
  ======================
RCODE
  Relative segment, address: CODE 0000031E - 00000320 (0x3 bytes), align: 0
  Segment part 0.
           ENTRY                   ADDRESS         REF BY
           =====                   =======         ======
           ?S_SHL                  0000031E        AddRoundKey (aes)
                                                   Cipher (aes)
                                                   KeyExpansion (aes)
                                                   MixColumns (aes)
    -------------------------------------------------------------------------
RCODE
  Relative segment, address: CODE 00000321 - 00000323 (0x3 bytes), align: 0
  Segment part 1.             Intra module refs:   Segment part 2
           ENTRY                   ADDRESS         REF BY
           =====                   =======         ======
           ?S_SHL_REW              00000321 
    -------------------------------------------------------------------------
RCODE
  Relative segment, address: CODE 00000324 - 00000330 (0xd bytes), align: 0
  Segment part 2.             Intra module refs:   ?S_SHL
                                                   ?S_SHL_REW

    -------------------------------------------------------------------------
  LIBRARY MODULE, NAME : ?ALLOC_XSTACK8

  SEGMENTS IN THE MODULE
  ======================
RCODE
  Relative segment, address: CODE 00000331 - 00000346 (0x16 bytes), align: 0
  Segment part 0.
           ENTRY                   ADDRESS         REF BY
           =====                   =======         ======
           ?ALLOC_XSTACK8          00000331        MixColumns (aes)
                                                   main (aes)

    -------------------------------------------------------------------------
  LIBRARY MODULE, NAME : ?DEALLOC_XSTACK8

  SEGMENTS IN THE MODULE
  ======================
RCODE
  Relative segment, address: CODE 00000347 - 00000361 (0x1b bytes), align: 0
  Segment part 0.
           ENTRY                   ADDRESS         REF BY
           =====                   =======         ======
           ?DEALLOC_XSTACK8        00000347        MixColumns (aes)

    -------------------------------------------------------------------------
  LIBRARY MODULE, NAME : ?XSTACK_DISP8

  SEGMENTS IN THE MODULE
  ======================
RCODE
  Relative segment, address: CODE 00000362 - 0000036B (0xa bytes), align: 0
  Segment part 1.
           ENTRY                   ADDRESS         REF BY
           =====                   =======         ======
           ?XSTACK_DISP0_8         00000362        MixColumns (aes)
                                                   main (aes)

    -------------------------------------------------------------------------
  LIBRARY MODULE, NAME : ?XSTACK_DISP8_RP

  SEGMENTS IN THE MODULE
  ======================
RCODE
  Relative segment, address: CODE 0000036C - 00000373 (0x8 bytes), align: 0
  Segment part 1.
           ENTRY                   ADDRESS         REF BY
           =====                   =======         ======
           ?XSTACK_DISP101_8       0000036C        main (aes)
    -------------------------------------------------------------------------
RCODE
  Relative segment, address: CODE 00000374 - 0000037B (0x8 bytes), align: 0
  Segment part 2.
           ENTRY                   ADDRESS         REF BY
           =====                   =======         ======
           ?XSTACK_DISP102_8       00000374        main (aes)

    -------------------------------------------------------------------------
  LIBRARY MODULE, NAME : ?FUNC_ENTER_XDATA

  SEGMENTS IN THE MODULE
  ======================
RCODE
  Relative segment, address: CODE 0000037C - 000003E1 (0x66 bytes), align: 0
  Segment part 1.
           ENTRY                   ADDRESS         REF BY
           =====                   =======         ======
           ?FUNC_ENTER_XDATA       0000037C        AddRoundKey (aes)
                                                   Cipher (aes)
                                                   KeyExpansion (aes)
                                                   MixColumns (aes)
                                                   ShiftRows (aes)
                                                   rand (?rand)

    -------------------------------------------------------------------------
  LIBRARY MODULE, NAME : ?FUNC_LEAVE_XDATA

  SEGMENTS IN THE MODULE
  ======================
RCODE
  Relative segment, address: CODE 000003E2 - 00000421 (0x40 bytes), align: 0
  Segment part 1.
           ENTRY                   ADDRESS         REF BY
           =====                   =======         ======
           ?FUNC_LEAVE_XDATA       000003E2        ?Subroutine0 (aes)
                                                   ?Subroutine1 (aes)
                                                   ShiftRows (aes)
                                                   rand (?rand)

    -------------------------------------------------------------------------
  LIBRARY MODULE, NAME : ?rand

  SEGMENTS IN THE MODULE
  ======================
XDATA_I
  Relative segment, address: XDATA 0000F23B - 0000F23E (0x4 bytes), align: 0
  Segment part 6.             Intra module refs:   rand
           ENTRY                   ADDRESS         REF BY
           =====                   =======         ======
           __next_rand             0000F23B        srand (?srand)
    -------------------------------------------------------------------------
XDATA_I
  Relative segment, address: XDATA 0000F23F - 0000F242 (0x4 bytes), align: 0
  Segment part 8.             Intra module refs:   rand
           ENTRY                   ADDRESS         REF BY
           =====                   =======         ======
           __Constant_41c64e6d     0000F23F 
    -------------------------------------------------------------------------
XDATA_I
  Relative segment, address: XDATA 0000F243 - 0000F246 (0x4 bytes), align: 0
  Segment part 10.            Intra module refs:   rand
           ENTRY                   ADDRESS         REF BY
           =====                   =======         ======
           __Constant_3039         0000F243 
    -------------------------------------------------------------------------
NEAR_CODE
  Relative segment, address: CODE 00000A3C - 00000A82 (0x47 bytes), align: 0
  Segment part 12.
           ENTRY                   ADDRESS         REF BY
           =====                   =======         ======
           rand                    00000A3C        main (aes)
               XSTACK = 00000000 ( 0000000F )
    -------------------------------------------------------------------------
XDATA_ID
  Relative segment, address: CODE 0000017E - 00000181 (0x4 bytes), align: 0
  Segment part 7.             Intra module refs:   __next_rand
    -------------------------------------------------------------------------
XDATA_ID
  Relative segment, address: CODE 00000182 - 00000185 (0x4 bytes), align: 0
  Segment part 9.             Intra module refs:   __Constant_41c64e6d
    -------------------------------------------------------------------------
XDATA_ID
  Relative segment, address: CODE 00000186 - 00000189 (0x4 bytes), align: 0
  Segment part 11.            Intra module refs:   __Constant_3039

    -------------------------------------------------------------------------
  LIBRARY MODULE, NAME : ?srand

  SEGMENTS IN THE MODULE
  ======================
NEAR_CODE
  Relative segment, address: CODE 00000A83 - 00000A98 (0x16 bytes), align: 0
  Segment part 6.
           ENTRY                   ADDRESS         REF BY
           =====                   =======         ======
           srand                   00000A83        main (aes)
               ISTACK = 00000000 ( 00000002 )




                ****************************************
                *                                      *
                *            MODULE SUMMARY            *
                *                                      *
                ****************************************

Module                    CODE      DATA      XDATA  IDATA    BIT
------                    ----      ----      -----  -----    ---
                         (Rel)  (Rel)  (Abs)  (Rel)  (Rel)  (Rel)
?ALLOC_XSTACK8              22
?DEALLOC_XSTACK8            27
?FUNC_ENTER_XDATA          102
?FUNC_LEAVE_XDATA           64
?L_ADD_X                    19
?L_MOV_TO_X                 15
?L_MOV_X                    15
?L_MUL                     128
?MOVE_LONG8_XDATA_XDATA     33
?S_DIV_MOD                 154
?S_SHL                      19
?UL_SHR                     25
?US_SHR                     15
?XSTACK_DISP8               10
?XSTACK_DISP8_RP            16
?cexit                       5
?cmain                      44
?rand                       83                   12
?srand                      22
CSTARTUP                    15
  + common                   3
VIRTUAL_REGISTERS                  10                           8
aes                      1 877             5    315
N/A (command line)                  8           256     64
----------               -----     --      -    ---     --      -
Total:                   2 710     18      5    583     64      8
  + common                   3


                ****************************************
                *                                      *
                *      SEGMENTS IN ADDRESS ORDER       *
                *                                      *
                ****************************************


SEGMENT              SPACE    START ADDRESS   END ADDRESS     SIZE  TYPE  ALIGN
=======              =====    =============   ===========     ====  ====  =====
INTVEC               CODE          00000000 - 00000002           3   com    0
CSTART               CODE          00000003 - 00000042          40   rel    0
IDATA_ID             CODE               00000043                     dse    0
DATA_ID              CODE               00000043                     dse    0
IXDATA_ID            CODE               00000043                     dse    0
PDATA_ID             CODE               00000043                     dse    0
BDATA_ID             CODE               00000043                     dse    0
BIT_ID               CODE               00000043                     dse    0
XDATA_ID             CODE          00000043 - 00000189         147   rel    0
RCODE                CODE          0000018A - 00000421         298   rel    0
DIFUNCT              CODE               00000422                     dse    0
CODE_C               CODE               00000422                     dse    0
CODE_N               CODE               00000422                     dse    0
NEAR_CODE            CODE          00000422 - 00000A98         677   rel    0
REGISTERS            DATA          00000000 - 00000007           8   rel    0
VREG                 DATA          00000008 - 0000000F           8   rel    0
PSP                  DATA               00000010                     dse    0
XSP                  DATA          00000010 - 00000011           2   rel    0
BREG                 BIT        00000020.0  -  00000020.7        8   rel    0
SFR_AN               DATA          00000090 - 00000090           1   rel    0
                     DATA          000000BE - 000000BE           1 
                     DATA          000000C6 - 000000C6           1 
                     DATA          000000E1 - 000000E1           1 
                     DATA          000000FE - 000000FE           1 
XSTACK               XDATA         0000F000 - 0000F0FF         100   rel    0
XDATA_Z              XDATA              0000F100                     dse    0
XDATA_I              XDATA         0000F100 - 0000F246         147   rel    0
ISTACK               IDATA         000000C0 - 000000FF          40   rel    0

                ****************************************
                *                                      *
                *        END OF CROSS REFERENCE        *
                *                                      *
                ****************************************

 2 713 bytes of CODE  memory
    18 bytes of DATA  memory (+ 5 absolute )
   583 bytes of XDATA memory
    64 bytes of IDATA memory
     8 bits  of BIT   memory

Errors: none
Warnings: none

