################################################################################
#                                                                              #
#      IAR Universal Linker V6.6.2.104                                         #
#                                                                              #
#           Link time     =  10/Mar/2023  17:03:45                             #
#           Target CPU    =  x51                                               #
#           List file     =  "C:\Users\tomca\Desktop\working IAR\ide\rfusb_cc1 #
#                            111\iar\Temp\rf_modem.map"                        #
#           Output file 1 =  "C:\Users\tomca\Desktop\working IAR\ide\rfusb_cc1 #
#                            111\iar\rf_modem.hex"                             #
#                            Format: intel-extended                            #
#           Output file 2 =  "C:\Users\tomca\Desktop\working IAR\ide\rfusb_cc1 #
#                            111\iar\rf_modem.d51"                             #
#                            Format: ubrof10                                   #
#                            UBROF version 10.0.6                              #
#                            Using library modules for C-SPY (-rt)             #
#           Command line  =  -f C:\Users\tomca\AppData\Local\Temp\EW9D98.tmp   #
#                            ("C:\Users\tomca\Desktop\working IAR\ide\rfusb_cc #
#                            1111\iar\temp\rf_modem\adc.r51"                   #
#                            "C:\Users\tomca\Desktop\working IAR\ide\rfusb_cc1 #
#                            111\iar\temp\rf_modem\aes.r51"                    #
#                            "C:\Users\tomca\Desktop\working IAR\ide\rfusb_cc1 #
#                            111\iar\temp\rf_modem\bsp.r51"                    #
#                            "C:\Users\tomca\Desktop\working IAR\ide\rfusb_cc1 #
#                            111\iar\temp\rf_modem\clock.r51"                  #
#                            "C:\Users\tomca\Desktop\working IAR\ide\rfusb_cc1 #
#                            111\iar\temp\rf_modem\hal_assert.r51"             #
#                            "C:\Users\tomca\Desktop\working IAR\ide\rfusb_cc1 #
#                            111\iar\temp\rf_modem\hal_board.r51"              #
#                            "C:\Users\tomca\Desktop\working IAR\ide\rfusb_cc1 #
#                            111\iar\temp\rf_modem\hal_button.r51"             #
#                            "C:\Users\tomca\Desktop\working IAR\ide\rfusb_cc1 #
#                            111\iar\temp\rf_modem\hal_int.r51"                #
#                            "C:\Users\tomca\Desktop\working IAR\ide\rfusb_cc1 #
#                            111\iar\temp\rf_modem\hal_lcd_dummy.r51"          #
#                            "C:\Users\tomca\Desktop\working IAR\ide\rfusb_cc1 #
#                            111\iar\temp\rf_modem\hal_led.r51"                #
#                            "C:\Users\tomca\Desktop\working IAR\ide\rfusb_cc1 #
#                            111\iar\temp\rf_modem\hal_mcu.r51"                #
#                            "C:\Users\tomca\Desktop\working IAR\ide\rfusb_cc1 #
#                            111\iar\temp\rf_modem\hal_timer_32k.r51"          #
#                            "C:\Users\tomca\Desktop\working IAR\ide\rfusb_cc1 #
#                            111\iar\temp\rf_modem\hal_uart_usb.r51"           #
#                            "C:\Users\tomca\Desktop\working IAR\ide\rfusb_cc1 #
#                            111\iar\temp\rf_modem\mrfi.r51"                   #
#                            "C:\Users\tomca\Desktop\working IAR\ide\rfusb_cc1 #
#                            111\iar\temp\rf_modem\mrfi_link.r51"              #
#                            "C:\Users\tomca\Desktop\working IAR\ide\rfusb_cc1 #
#                            111\iar\temp\rf_modem\rf_modem.r51"               #
#                            "C:\Users\tomca\Desktop\working IAR\ide\rfusb_cc1 #
#                            111\iar\temp\rf_modem\usb_cdc_descriptor.r51"     #
#                            "C:\Users\tomca\Desktop\working IAR\ide\rfusb_cc1 #
#                            111\iar\temp\rf_modem\usb_cdc_hooks.r51"          #
#                            "C:\Users\tomca\Desktop\working IAR\ide\rfusb_cc1 #
#                            111\iar\temp\rf_modem\usb_descriptor_parser.r51"  #
#                            "C:\Users\tomca\Desktop\working IAR\ide\rfusb_cc1 #
#                            111\iar\temp\rf_modem\usb_firmware_library_config #
#                            .r51"                                             #
#                            "C:\Users\tomca\Desktop\working IAR\ide\rfusb_cc1 #
#                            111\iar\temp\rf_modem\usb_framework.r51"          #
#                            "C:\Users\tomca\Desktop\working IAR\ide\rfusb_cc1 #
#                            111\iar\temp\rf_modem\usb_interrupt.r51"          #
#                            "C:\Users\tomca\Desktop\working IAR\ide\rfusb_cc1 #
#                            111\iar\temp\rf_modem\usb_standard_requests.r51"  #
#                            "C:\Users\tomca\Desktop\working IAR\ide\rfusb_cc1 #
#                            111\iar\temp\rf_modem\usb_suspend.r51"            #
#                            "C:\Users\tomca\Desktop\working IAR\ide\rfusb_cc1 #
#                            111\iar\temp\rf_modem\usb_uart.r51"               #
#                            "C:\Users\tomca\Desktop\working IAR\ide\rfusb_cc1 #
#                            111\iar\temp\rf_modem\util_buffer.r51"            #
#                            "C:\Users\tomca\Desktop\working IAR\ide\rfusb_cc1 #
#                            111\iar\temp\rf_modem\util_lcd.r51"               #
#                            "C:\Users\tomca\Desktop\working IAR\ide\rfusb_cc1 #
#                            111\iar\temp\rf_modem\util_uart.r51"              #
#                            -o                                                #
#                            "C:\Users\tomca\Desktop\working IAR\ide\rfusb_cc1 #
#                            111\iar\rf_modem.d51"                             #
#                            -l                                                #
#                            "C:\Users\tomca\Desktop\working IAR\ide\rfusb_cc1 #
#                            111\iar\Temp\rf_modem.map"                        #
#                            -xmsn                                             #
#                            "-IC:\Users\tomca\Desktop\working IAR\ide\rfusb_c #
#                            c1111\iar\..\..\..\tools\cc1111\"                 #
#                            -f lnk51ew_cc1111.xcl (-D_IDATA0_START=0x00       #
#                            -D_IDATA0_END=0xFF -D_PDATA0_START=0xF000         #
#                            -D_PDATA0_END=0xF0FF -D_IXDATA0_START=0x00F000    #
#                            -D_IXDATA0_END=0x00FDA1                           #
#                            -D_XDATA0_START=0x00F000 -D_XDATA0_END=0x00FDA1   #
#                            -D_CODE0_START=0x000000 -D_CODE0_END=0x007FFF     #
#                            -D?REGISTER_BANK=0x0 -D_REGISTER_BANK_START=0x0   #
#                            -D_BREG_START=0x00 -D?VB=0x20 -D?B=F0 -D?IE=A8    #
#                            -D?IP=A9 -Z(BIT)BREG=_BREG_START                  #
#                            -Z(BIT)BIT_N=0-7F                                 #
#                            -Z(DATA)REGISTERS+8=_REGISTER_BANK_START          #
#                            -Z(DATA)BDATA_Z,BDATA_N,BDATA_I=20-2F             #
#                            -Z(DATA)VREG=08-7F -Z(DATA)PSP,XSP=08-7F          #
#                            -Z(DATA)DOVERLAY=08-7F                            #
#                            -Z(DATA)DATA_I,DATA_Z,DATA_N=08-7F                #
#                            -U(IDATA)0-7F=(DATA)0-7F                          #
#                            -Z(IDATA)IDATA_I,IDATA_Z,IDATA_N=08-_IDATA0_END   #
#                            -Z(IDATA)ISTACK+_IDATA_STACK_SIZE#08-_IDATA0_END  #
#                            -Z(IDATA)IOVERLAY=08-FF -Z(CODE)INTVEC=0          #
#                            -Z(CODE)CSTART=_CODE0_START-_CODE0_END            #
#                            -Z(CODE)BIT_ID,BDATA_ID,DATA_ID,IDATA_ID,IXDATA_I #
#                            D,PDATA_ID,XDATA_ID=_CODE0_START-_CODE0_END       #
#                            -Z(CODE)RCODE,DIFUNCT,CODE_C,CODE_N,NEAR_CODE=_CO #
#                            DE0_START-_CODE0_END                              #
#                            -Z(CODE)CHECKSUM#_CODE0_END                       #
#                            -Z(XDATA)PDATA_Z,PDATA_I=_PDATA0_START-_PDATA0_EN #
#                            D                                                 #
#                            -P(XDATA)PDATA_N=_PDATA0_START-_PDATA0_END        #
#                            -Z(XDATA)PSTACK+_PDATA_STACK_SIZE=_PDATA0_START-_ #
#                            PDATA0_END                                        #
#                            -Z(XDATA)EXT_STACK+_EXTENDED_STACK_SIZE=_EXTENDED #
#                            _STACK_START                                      #
#                            -Z(XDATA)XSTACK+_XDATA_STACK_SIZE=_XDATA0_START-_ #
#                            XDATA0_END                                        #
#                            -Z(XDATA)IXDATA_Z,IXDATA_I=_IXDATA0_START-_IXDATA #
#                            0_END                                             #
#                            -P(XDATA)IXDATA_N=_IXDATA0_START-_IXDATA0_END     #
#                            -Z(XDATA)XDATA_Z,XDATA_I=_XDATA0_START-_XDATA0_EN #
#                            D                                                 #
#                            -P(XDATA)XDATA_N=_XDATA0_START-_XDATA0_END        #
#                            -Z(XDATA)XDATA_HEAP+_XDATA_HEAP_SIZE=_XDATA0_STAR #
#                            T-_XDATA0_END                                     #
#                            -Z(CONST)XDATA_ROM_C=_XDATA0_START-_XDATA0_END    #
#                            -cx51 -Z(XDATA)XDATA_SCRATCH=0xFDA2-0xFEFF)       #
#                            "-IC:\Program Files (x86)\IAR Systems\Embedded Wo #
#                            rkbench 8.3\8051\CONFIG\"                         #
#                            -D_NR_OF_VIRTUAL_REGISTERS=8 -D?PBANK=0xA0        #
#                            -D?CBANK=0xC7 -D?CBANK_MASK=0x30                  #
#                            -e?BCALL_30=?BCALL -e?BRET_30=?BRET               #
#                            -e?BDISPATCH_30=?BDISPATCH                        #
#                            -D_CODEBANK_START=0x8000 -D_CODEBANK_END=0xFFFF   #
#                            -D_NR_OF_BANKS=0x03                               #
#                            -e_medium_write=_formatted_write                  #
#                            -e_medium_read=_formatted_read -rt                #
#                            "-Ointel-extended=C:\Users\tomca\Desktop\working  #
#                            IAR\ide\rfusb_cc1111\iar\rf_modem.hex"            #
#                            -s __program_start                                #
#                            "C:\Program Files (x86)\IAR Systems\Embedded Work #
#                            bench 8.3\8051\LIB\CLIB\cl-pli-nlxd-1e16x01.r51"  #
#                            -D_IDATA_STACK_SIZE=0x40 -D?ESP=0 -D?ESP_MASK=0   #
#                            -D_EXTENDED_STACK_START=0                         #
#                            -D_EXTENDED_STACK_SIZE=0                          #
#                            -D_PDATA_STACK_SIZE=0x80                          #
#                            -D_XDATA_STACK_SIZE=0x100                         #
#                            -D_XDATA_HEAP_SIZE=0xFF -D_FAR_HEAP_SIZE=0xFFF    #
#                            -D_HUGE_HEAP_SIZE=0xFFF                           #
#                            -D_FAR22_HEAP_SIZE=0xFFF)                         #
#                                                                              #
#                           Copyright (C) 1987-2019 IAR Systems AB.            #
################################################################################





                ****************************************
                *                                      *
                *           CROSS REFERENCE            *
                *                                      *
                ****************************************

       Program entry at : CODE      000000D5  Relocatable, from module : CSTARTUP




                ****************************************
                *                                      *
                *            RUNTIME MODEL             *
                *                                      *
                ****************************************

  __SystemLibrary          = CLib
  __calling_convention     = xdata_reentrant
  __code_model             = near
  __core                   = plain
  __data_model             = large
  __dlib_file_descriptor   = 0
  __dptr_size              = 16
  __extended_stack         = disabled
  __location_for_constants = data
  __number_of_dptrs        = 1
  __register_banks         = *
  __rt_version             = 1

                ****************************************
                *                                      *
                *    AUTOMATIC SYMBOL REDIRECTIONS     *
                *                                      *
                ****************************************

                  There are no automatic symbol redirections.



                ****************************************
                *                                      *
                *              MODULE MAP              *
                *                                      *
                ****************************************


  DEFINED ABSOLUTE ENTRIES
    *************************************************************************

  DEFINED ABSOLUTE ENTRIES
  PROGRAM MODULE, NAME : ?ABS_ENTRY_MOD

Absolute parts
           ENTRY                   ADDRESS         REF BY
           =====                   =======         ======
           _FAR22_HEAP_SIZE        00000FFF 
           _HUGE_HEAP_SIZE         00000FFF 
           _FAR_HEAP_SIZE          00000FFF 
           _XDATA_HEAP_SIZE        000000FF 
           _XDATA_STACK_SIZE       00000100 
           _PDATA_STACK_SIZE       00000080 
           _EXTENDED_STACK_SIZE    00000000 
           _EXTENDED_STACK_START   00000000 
           ?ESP_MASK               00000000 
           ?ESP                    00000000 
           _IDATA_STACK_SIZE       00000040 
           _NR_OF_BANKS            00000003 
           _CODEBANK_END           0000FFFF 
           _CODEBANK_START         00008000 
           ?CBANK_MASK             00000030 
           ?CBANK                  000000C7 
           ?PBANK                  000000A0 
           _NR_OF_VIRTUAL_REGISTERS
                                   00000008 
           ?IP                     000000A9 
           ?IE                     000000A8        ?ADD_XSTACK_DISP0_8 (?ADD_XSTACK_DISP8)
                                                   ?ALLOC_XSTACK8 (?ALLOC_XSTACK8)
                                                   ?DEALLOC_XSTACK8 (?DEALLOC_XSTACK8)
                                                   ?FUNC_ENTER_XDATA (?FUNC_ENTER_XDATA)
                                                   ?FUNC_LEAVE_XDATA (?FUNC_LEAVE_XDATA)
                                                   ?INTERRUPT_ENTER_XSP (?INTERRUPT_ENTER_XSP)
                                                   ?INTERRUPT_LEAVE_XSP (?INTERRUPT_LEAVE_XSP)
                                                   ?PUSH_XSTACK8_X (?PUSH_XSTACK8_X)
           ?B                      000000F0        ?INTERRUPT_ENTER_XSP (?INTERRUPT_ENTER_XSP)
                                                   ?INTERRUPT_LEAVE_XSP (?INTERRUPT_LEAVE_XSP)
                                                   ?US_DIV_MOD (?S_DIV_MOD)
                                                   BSP_Delay (adc)
                                                   xtime (adc)
           ?VB                     00000020        ?FUNC_ENTER_XDATA (?FUNC_ENTER_XDATA)
                                                   ?FUNC_LEAVE_XDATA (?FUNC_LEAVE_XDATA)
                                                   ?INTERRUPT_ENTER_XSP (?INTERRUPT_ENTER_XSP)
                                                   ?INTERRUPT_LEAVE_XSP (?INTERRUPT_LEAVE_XSP)
           _BREG_START             00000000 
           _REGISTER_BANK_START    00000000 
           ?REGISTER_BANK          00000000        Segment part 6 (CSTARTUP)
           _CODE0_END              00007FFF 
           _CODE0_START            00000000 
           _XDATA0_END             0000FDA1 
           _XDATA0_START           0000F000 
           _IXDATA0_END            0000FDA1 
           _IXDATA0_START          0000F000 
           _PDATA0_END             0000F0FF 
           _PDATA0_START           0000F000 
           _IDATA0_END             000000FF 
           _IDATA0_START           00000000 
    *************************************************************************

  FILE NAME : C:\Users\tomca\Desktop\working IAR\ide\rfusb_cc1111\iar\temp\rf_modem\adc.r51
  PROGRAM MODULE, NAME : adc

  SEGMENTS IN THE MODULE
  ======================
SFR_AN
  Relative segment, address: DATA 00000089 - 00000089 (0x1 bytes), align: 0
  Segment part 1. ROOT        Intra module refs:   usbUartInit
                                                   usbirqResumeHandler
                                                   usbsuspEnter
           ENTRY                   ADDRESS         REF BY
           =====                   =======         ======
           P0IFG                   00000089 
    -------------------------------------------------------------------------
SFR_AN
  Relative segment, address: DATA 0000008B - 0000008B (0x1 bytes), align: 0
  Segment part 2. ROOT        Intra module refs:   usbUartInit
                                                   usbirqHandler
           ENTRY                   ADDRESS         REF BY
           =====                   =======         ======
           P2IFG                   0000008B 
    -------------------------------------------------------------------------
SFR_AN
  Relative segment, address: DATA 0000008C - 0000008C (0x1 bytes), align: 0
  Segment part 3. ROOT        Intra module refs:   usbUartInit
           ENTRY                   ADDRESS         REF BY
           =====                   =======         ======
           PICTL                   0000008C 
    -------------------------------------------------------------------------
SFR_AN
  Relative segment, address: DATA 00000090 - 00000090 (0x1 bytes), align: 0
  Segment part 4. ROOT        Intra module refs:   halLedClear
                                                   halLedSet
                                                   main
                                                   usbUartInit
                                                   usbsuspEnter
           ENTRY                   ADDRESS         REF BY
           =====                   =======         ======
           _A_P1                   00000090 
           LOCAL                   ADDRESS         
           =====                   =======         
           P1                      00000090 
    -------------------------------------------------------------------------
SFR_AN
  Relative segment, address: DATA 00000091 - 00000091 (0x1 bytes), align: 0
  Segment part 5. ROOT        Intra module refs:   Mrfi_RxModeOff
                                                   Mrfi_RxModeOn
           ENTRY                   ADDRESS         REF BY
           =====                   =======         ======
           RFIM                    00000091 
    -------------------------------------------------------------------------
SFR_AN
  Relative segment, address: DATA 0000009A - 0000009A (0x1 bytes), align: 0
  Segment part 6. ROOT        Intra module refs:   MRFI_Init
                                                   usbUartInit
           ENTRY                   ADDRESS         REF BY
           =====                   =======         ======
           IEN2                    0000009A 
    -------------------------------------------------------------------------
SFR_AN
  Relative segment, address: DATA 0000009B - 0000009B (0x1 bytes), align: 0
  Segment part 7. ROOT        Intra module refs:   MRFI_RfIsr
                                                   Mrfi_RxModeOff
                                                   Mrfi_RxModeOn
           ENTRY                   ADDRESS         REF BY
           =====                   =======         ======
           S1CON                   0000009B 
    -------------------------------------------------------------------------
SFR_AN
  Relative segment, address: DATA 000000A8 - 000000A8 (0x1 bytes), align: 0
  Segment part 8. ROOT        Intra module refs:   MRFI_Init
                                                   MRFI_RfIsr
                                                   MRFI_RxOn
                                                   MRFI_SetLogicalChannel
                                                   MRFI_Sleep
                                                   MRFI_WakeUp
                                                   Mrfi_DelayUsec
                                                   halIntLock
                                                   halIntOff
                                                   halIntOn
                                                   halIntUnlock
                                                   main
                                                   mrfiLinkInit
           ENTRY                   ADDRESS         REF BY
           =====                   =======         ======
           _A_IEN0                 000000A8 
           LOCAL                   ADDRESS         
           =====                   =======         
           IEN0                    000000A8 
    -------------------------------------------------------------------------
SFR_AN
  Relative segment, address: DATA 000000B8 - 000000B8 (0x1 bytes), align: 0
  Segment part 9. ROOT        Intra module refs:   main
                                                   usbUartInit
                                                   usbirqResumeHandler
                                                   usbsuspEnter
           ENTRY                   ADDRESS         REF BY
           =====                   =======         ======
           _A_IEN1                 000000B8 
           LOCAL                   ADDRESS         
           =====                   =======         
           IEN1                    000000B8 
    -------------------------------------------------------------------------
SFR_AN
  Relative segment, address: DATA 000000BC - 000000BC (0x1 bytes), align: 0
  Segment part 10. ROOT       Intra module refs:   MRFI_Init
           ENTRY                   ADDRESS         REF BY
           =====                   =======         ======
           RNDL                    000000BC 
    -------------------------------------------------------------------------
SFR_AN
  Relative segment, address: DATA 000000BE - 000000BE (0x1 bytes), align: 0
  Segment part 11. ROOT       Intra module refs:   MRFI_Init
                                                   main
                                                   usbUartInit
                                                   usbirqHandler
                                                   usbirqResumeHandler
           ENTRY                   ADDRESS         REF BY
           =====                   =======         ======
           SLEEP                   000000BE 
    -------------------------------------------------------------------------
SFR_AN
  Relative segment, address: DATA 000000C0 - 000000C0 (0x1 bytes), align: 0
  Segment part 12. ROOT       Intra module refs:   usbUartInit
                                                   usbirqResumeHandler
                                                   usbsuspEnter
           ENTRY                   ADDRESS         REF BY
           =====                   =======         ======
           _A_IRCON                000000C0 
           LOCAL                   ADDRESS         
           =====                   =======         
           IRCON                   000000C0 
    -------------------------------------------------------------------------
SFR_AN
  Relative segment, address: DATA 000000C6 - 000000C6 (0x1 bytes), align: 0
  Segment part 13. ROOT       Intra module refs:   MRFI_Init
                                                   MRFI_WakeUp
                                                   main
           ENTRY                   ADDRESS         REF BY
           =====                   =======         ======
           CLKCON                  000000C6 
    -------------------------------------------------------------------------
SFR_AN
  Relative segment, address: DATA 000000CB - 000000CB (0x1 bytes), align: 0
  Segment part 14. ROOT       Intra module refs:   BSP_Delay
           ENTRY                   ADDRESS         REF BY
           =====                   =======         ======
           T3CTL                   000000CB 
    -------------------------------------------------------------------------
SFR_AN
  Relative segment, address: DATA 000000CD - 000000CD (0x1 bytes), align: 0
  Segment part 15. ROOT       Intra module refs:   BSP_Delay
           ENTRY                   ADDRESS         REF BY
           =====                   =======         ======
           T3CC0                   000000CD 
    -------------------------------------------------------------------------
SFR_AN
  Relative segment, address: DATA 000000D1 - 000000D1 (0x1 bytes), align: 0
  Segment part 16. ROOT       Intra module refs:   Mrfi_RxModeOff
           ENTRY                   ADDRESS         REF BY
           =====                   =======         ======
           DMAIRQ                  000000D1 
    -------------------------------------------------------------------------
SFR_AN
  Relative segment, address: DATA 000000D4 - 000000D4 (0x1 bytes), align: 0
  Segment part 17. ROOT       Intra module refs:   MRFI_Init
           ENTRY                   ADDRESS         REF BY
           =====                   =======         ======
           DMA0CFGL                000000D4 
    -------------------------------------------------------------------------
SFR_AN
  Relative segment, address: DATA 000000D5 - 000000D5 (0x1 bytes), align: 0
  Segment part 18. ROOT       Intra module refs:   MRFI_Init
           ENTRY                   ADDRESS         REF BY
           =====                   =======         ======
           DMA0CFGH                000000D5 
    -------------------------------------------------------------------------
SFR_AN
  Relative segment, address: DATA 000000D6 - 000000D6 (0x1 bytes), align: 0
  Segment part 19. ROOT       Intra module refs:   MRFI_RfIsr
                                                   Mrfi_RxModeOff
                                                   Mrfi_RxModeOn
           ENTRY                   ADDRESS         REF BY
           =====                   =======         ======
           DMAARM                  000000D6 
    -------------------------------------------------------------------------
SFR_AN
  Relative segment, address: DATA 000000D8 - 000000D8 (0x1 bytes), align: 0
  Segment part 20. ROOT       Intra module refs:   BSP_Delay
           ENTRY                   ADDRESS         REF BY
           =====                   =======         ======
           _A_TIMIF                000000D8 
           LOCAL                   ADDRESS         
           =====                   =======         
           TIMIF                   000000D8 
    -------------------------------------------------------------------------
SFR_AN
  Relative segment, address: DATA 000000DA - 000000DA (0x1 bytes), align: 0
  Segment part 21. ROOT       Intra module refs:   main
           ENTRY                   ADDRESS         REF BY
           =====                   =======         ======
           T1CC0L                  000000DA 
    -------------------------------------------------------------------------
SFR_AN
  Relative segment, address: DATA 000000DB - 000000DB (0x1 bytes), align: 0
  Segment part 22. ROOT       Intra module refs:   main
           ENTRY                   ADDRESS         REF BY
           =====                   =======         ======
           T1CC0H                  000000DB 
    -------------------------------------------------------------------------
SFR_AN
  Relative segment, address: DATA 000000E1 - 000000E1 (0x1 bytes), align: 0
  Segment part 23. ROOT       Intra module refs:   MRFI_Init
                                                   MRFI_WakeUp
                                                   Mrfi_RxModeOff
                                                   Mrfi_RxModeOn
                                                   main
           ENTRY                   ADDRESS         REF BY
           =====                   =======         ======
           RFST                    000000E1 
    -------------------------------------------------------------------------
SFR_AN
  Relative segment, address: DATA 000000E4 - 000000E4 (0x1 bytes), align: 0
  Segment part 24. ROOT       Intra module refs:   main
           ENTRY                   ADDRESS         REF BY
           =====                   =======         ======
           T1CTL                   000000E4 
    -------------------------------------------------------------------------
SFR_AN
  Relative segment, address: DATA 000000E8 - 000000E8 (0x1 bytes), align: 0
  Segment part 25. ROOT       Intra module refs:   usbUartInit
                                                   usbirqHandler
           ENTRY                   ADDRESS         REF BY
           =====                   =======         ======
           _A_IRCON2               000000E8 
           LOCAL                   ADDRESS         
           =====                   =======         
           IRCON2                  000000E8 
    -------------------------------------------------------------------------
SFR_AN
  Relative segment, address: DATA 000000E9 - 000000E9 (0x1 bytes), align: 0
  Segment part 26. ROOT       Intra module refs:   MRFI_RfIsr
                                                   Mrfi_RxModeOff
                                                   Mrfi_RxModeOn
           ENTRY                   ADDRESS         REF BY
           =====                   =======         ======
           RFIF                    000000E9 
    -------------------------------------------------------------------------
SFR_AN
  Relative segment, address: DATA 000000F4 - 000000F4 (0x1 bytes), align: 0
  Segment part 27. ROOT       Intra module refs:   main
                                                   usbUartInit
           ENTRY                   ADDRESS         REF BY
           =====                   =======         ======
           P1SEL                   000000F4 
    -------------------------------------------------------------------------
SFR_AN
  Relative segment, address: DATA 000000FE - 000000FE (0x1 bytes), align: 0
  Segment part 28. ROOT       Intra module refs:   main
                                                   usbUartInit
           ENTRY                   ADDRESS         REF BY
           =====                   =======         ======
           P1DIR                   000000FE 
    -------------------------------------------------------------------------
XDATA_Z
  Relative segment, address: XDATA 0000F100 - 0000F101 (0x2 bytes), align: 0
  Segment part 44.            Intra module refs:   ?Subroutine10
                                                   ?Subroutine11
                                                   ?Subroutine15
                                                   ?Subroutine16
                                                   AddRoundKey
                                                   MixColumns
                                                   ShiftRows
                                                   SubBytes
                                                   tiny_aes_128_mode
           LOCAL                   ADDRESS         
           =====                   =======         
           state                   0000F100 
    -------------------------------------------------------------------------
XDATA_Z
  Relative segment, address: XDATA 0000F102 - 0000F1B1 (0xb0 bytes), align: 0
  Segment part 45.            Intra module refs:   AddRoundKey
                                                   KeyExpansion
           LOCAL                   ADDRESS         
           =====                   =======         
           RoundKey                0000F102 
    -------------------------------------------------------------------------
XDATA_Z
  Relative segment, address: XDATA 0000F1B2 - 0000F1B3 (0x2 bytes), align: 0
  Segment part 46.            Intra module refs:   KeyExpansion
                                                   tiny_aes_128_mode
           LOCAL                   ADDRESS         
           =====                   =======         
           Key                     0000F1B2 
    -------------------------------------------------------------------------
XDATA_I
  Relative segment, address: XDATA 0000F464 - 0000F473 (0x10 bytes), align: 0
  Segment part 38.            Intra module refs:   tiny_aes_128_mode
    -------------------------------------------------------------------------
XDATA_I
  Relative segment, address: XDATA 0000F474 - 0000F483 (0x10 bytes), align: 0
  Segment part 40.            Intra module refs:   tiny_aes_128_mode
    -------------------------------------------------------------------------
XDATA_I
  Relative segment, address: XDATA 0000F484 - 0000F493 (0x10 bytes), align: 0
  Segment part 42.            Intra module refs:   tiny_aes_128_mode
    -------------------------------------------------------------------------
XDATA_I
  Relative segment, address: XDATA 0000F494 - 0000F593 (0x100 bytes), align: 0
  Segment part 47.            Intra module refs:   ?Subroutine41
                                                   KeyExpansion
                                                   SubBytes
           LOCAL                   ADDRESS         
           =====                   =======         
           sbox                    0000F494 
    -------------------------------------------------------------------------
XDATA_I
  Relative segment, address: XDATA 0000F594 - 0000F692 (0xff bytes), align: 0
  Segment part 49.            Intra module refs:   KeyExpansion
           LOCAL                   ADDRESS         
           =====                   =======         
           Rcon                    0000F594 
    -------------------------------------------------------------------------
NEAR_CODE
  Relative segment, address: CODE 0000079F - 000009AF (0x211 bytes), align: 0
  Segment part 105.           Intra module refs:   tiny_aes_128_mode
           LOCAL                   ADDRESS         
           =====                   =======         
           KeyExpansion            0000079F 
               XSTACK = 00000038 ( 00000017 )
               ISTACK = 00000000 ( 00000002 )
    -------------------------------------------------------------------------
NEAR_CODE
  Relative segment, address: CODE 000009B0 - 000009B2 (0x3 bytes), align: 0
  Segment part 106.           Intra module refs:   KeyExpansion
                                                   MixColumns
           LOCAL                   ADDRESS         
           =====                   =======         
           ?Subroutine0            000009B0 
    -------------------------------------------------------------------------
NEAR_CODE
  Relative segment, address: CODE 000009B3 - 000009B7 (0x5 bytes), align: 0
  Segment part 107.           Intra module refs:   ?Subroutine0
                                                   ConfigureEndpoints
    -------------------------------------------------------------------------
NEAR_CODE
  Relative segment, address: CODE 000009B8 - 000009C3 (0xc bytes), align: 0
  Segment part 108.           Intra module refs:   KeyExpansion
           LOCAL                   ADDRESS         
           =====                   =======         
           ?Subroutine41           000009B8 
    -------------------------------------------------------------------------
NEAR_CODE
  Relative segment, address: CODE 000009C4 - 000009C7 (0x4 bytes), align: 0
  Segment part 109.           Intra module refs:   KeyExpansion
           LOCAL                   ADDRESS         
           =====                   =======         
           ?Subroutine40           000009C4 
    -------------------------------------------------------------------------
NEAR_CODE
  Relative segment, address: CODE 000009C8 - 000009D5 (0xe bytes), align: 0
  Segment part 110.           Intra module refs:   ?Subroutine30
                                                   ?Subroutine40
           LOCAL                   ADDRESS         
           =====                   =======         
           ?Subroutine54           000009C8 
    -------------------------------------------------------------------------
NEAR_CODE
  Relative segment, address: CODE 000009D6 - 000009DB (0x6 bytes), align: 0
  Segment part 111.           Intra module refs:   KeyExpansion
           LOCAL                   ADDRESS         
           =====                   =======         
           ?Subroutine30           000009D6 
    -------------------------------------------------------------------------
NEAR_CODE
  Relative segment, address: CODE 000009DC - 000009E4 (0x9 bytes), align: 0
  Segment part 112.           Intra module refs:   KeyExpansion
           LOCAL                   ADDRESS         
           =====                   =======         
           ?Subroutine27           000009DC 
    -------------------------------------------------------------------------
NEAR_CODE
  Relative segment, address: CODE 000009E5 - 000009E5 (0x1 bytes), align: 0
  Segment part 113.           Intra module refs:   KeyExpansion
           LOCAL                   ADDRESS         
           =====                   =======         
           ?Subroutine24           000009E5 
    -------------------------------------------------------------------------
NEAR_CODE
  Relative segment, address: CODE 000009E6 - 000009ED (0x8 bytes), align: 0
  Segment part 114.           Intra module refs:   ?Subroutine24
                                                   KeyExpansion
    -------------------------------------------------------------------------
NEAR_CODE
  Relative segment, address: CODE 000009EE - 00000A58 (0x6b bytes), align: 0
  Segment part 115.           Intra module refs:   Cipher
           LOCAL                   ADDRESS         
           =====                   =======         
           AddRoundKey             000009EE 
               XSTACK = 00000000 ( 0000000A )
    -------------------------------------------------------------------------
NEAR_CODE
  Relative segment, address: CODE 00000A59 - 00000A5D (0x5 bytes), align: 0
  Segment part 116.           Intra module refs:   AddRoundKey
                                                   usbUartProcess
           LOCAL                   ADDRESS         
           =====                   =======         
           ?Subroutine1            00000A59 
    -------------------------------------------------------------------------
NEAR_CODE
  Relative segment, address: CODE 00000A5E - 00000AA8 (0x4b bytes), align: 0
  Segment part 117.           Intra module refs:   Cipher
           LOCAL                   ADDRESS         
           =====                   =======         
           SubBytes                00000A5E 
               XSTACK = 00000000 ( 00000009 )
               ISTACK = 00000000 ( 00000001 )
    -------------------------------------------------------------------------
NEAR_CODE
  Relative segment, address: CODE 00000AA9 - 00000AF4 (0x4c bytes), align: 0
  Segment part 118.           Intra module refs:   Cipher
           LOCAL                   ADDRESS         
           =====                   =======         
           ShiftRows               00000AA9 
               ISTACK = 00000000 ( 00000003 )
    -------------------------------------------------------------------------
NEAR_CODE
  Relative segment, address: CODE 00000AF5 - 00000B09 (0x15 bytes), align: 0
  Segment part 119.           Intra module refs:   ShiftRows
           LOCAL                   ADDRESS         
           =====                   =======         
           ?Subroutine16           00000AF5 
    -------------------------------------------------------------------------
NEAR_CODE
  Relative segment, address: CODE 00000B0A - 00000B11 (0x8 bytes), align: 0
  Segment part 120.           Intra module refs:   ShiftRows
           LOCAL                   ADDRESS         
           =====                   =======         
           ?Subroutine15           00000B0A 
    -------------------------------------------------------------------------
NEAR_CODE
  Relative segment, address: CODE 00000B12 - 00000B1D (0xc bytes), align: 0
  Segment part 121.           Intra module refs:   ShiftRows
           LOCAL                   ADDRESS         
           =====                   =======         
           ?Subroutine14           00000B12 
    -------------------------------------------------------------------------
NEAR_CODE
  Relative segment, address: CODE 00000B1E - 00000B2B (0xe bytes), align: 0
  Segment part 122.           Intra module refs:   ShiftRows
           LOCAL                   ADDRESS         
           =====                   =======         
           ?Subroutine11           00000B1E 
    -------------------------------------------------------------------------
NEAR_CODE
  Relative segment, address: CODE 00000B2C - 00000B32 (0x7 bytes), align: 0
  Segment part 123.           Intra module refs:   ?Subroutine11
                                                   ?Subroutine15
           LOCAL                   ADDRESS         
           =====                   =======         
           ?Subroutine49           00000B2C 
    -------------------------------------------------------------------------
NEAR_CODE
  Relative segment, address: CODE 00000B33 - 00000B40 (0xe bytes), align: 0
  Segment part 124.           Intra module refs:   ?Subroutine14
                                                   ?Subroutine49
           LOCAL                   ADDRESS         
           =====                   =======         
           ?Subroutine56           00000B33 
    -------------------------------------------------------------------------
NEAR_CODE
  Relative segment, address: CODE 00000B41 - 00000B54 (0x14 bytes), align: 0
  Segment part 125.           Intra module refs:   ShiftRows
           LOCAL                   ADDRESS         
           =====                   =======         
           ?Subroutine10           00000B41 
    -------------------------------------------------------------------------
NEAR_CODE
  Relative segment, address: CODE 00000B55 - 00000B63 (0xf bytes), align: 0
  Segment part 126.           Intra module refs:   ?Subroutine13
                                                   MixColumns
           LOCAL                   ADDRESS         
           =====                   =======         
           xtime                   00000B55 
               XSTACK = 00000010 ( 00000000 )
    -------------------------------------------------------------------------
NEAR_CODE
  Relative segment, address: CODE 00000B64 - 00000BFF (0x9c bytes), align: 0
  Segment part 127.           Intra module refs:   Cipher
           LOCAL                   ADDRESS         
           =====                   =======         
           MixColumns              00000B64 
               calls direct
               XSTACK = 00000000 ( 00000010 )
               ISTACK = 00000000 ( 00000001 )
    -------------------------------------------------------------------------
NEAR_CODE
  Relative segment, address: CODE 00000C00 - 00000C0E (0xf bytes), align: 0
  Segment part 128.           Intra module refs:   MixColumns
           LOCAL                   ADDRESS         
           =====                   =======         
           ?Subroutine29           00000C00 
    -------------------------------------------------------------------------
NEAR_CODE
  Relative segment, address: CODE 00000C0F - 00000C19 (0xb bytes), align: 0
  Segment part 129.           Intra module refs:   KeyExpansion
                                                   MixColumns
           LOCAL                   ADDRESS         
           =====                   =======         
           ?Subroutine28           00000C0F 
    -------------------------------------------------------------------------
NEAR_CODE
  Relative segment, address: CODE 00000C1A - 00000C27 (0xe bytes), align: 0
  Segment part 130.           Intra module refs:   MixColumns
           LOCAL                   ADDRESS         
           =====                   =======         
           ?Subroutine13           00000C1A 
    -------------------------------------------------------------------------
NEAR_CODE
  Relative segment, address: CODE 00000C28 - 00000C55 (0x2e bytes), align: 0
  Segment part 131.           Intra module refs:   tiny_aes_128_mode
           LOCAL                   ADDRESS         
           =====                   =======         
           Cipher                  00000C28 
               calls direct
               XSTACK = 00000038 ( 00000000 )
               ISTACK = 00000000 ( 00000001 )
    -------------------------------------------------------------------------
NEAR_CODE
  Relative segment, address: CODE 00000C56 - 00000C7C (0x27 bytes), align: 0
  Segment part 132.           Intra module refs:   tiny_aes_128_mode
           LOCAL                   ADDRESS         
           =====                   =======         
           BlockCopy               00000C56 
               XSTACK = 00000038 ( 00000008 )
               ISTACK = 00000000 ( 00000001 )
    -------------------------------------------------------------------------
NEAR_CODE
  Relative segment, address: CODE 00000C7D - 00000CA0 (0x24 bytes), align: 0
  Segment part 133.           Intra module refs:   Mrfi_DelayUsec
           ENTRY                   ADDRESS         REF BY
           =====                   =======         ======
           BSP_Delay               00000C7D 
               XSTACK = 00000009 ( 00000000 )
    -------------------------------------------------------------------------
NEAR_CODE
  Relative segment, address: CODE 00000CA1 - 00000CA3 (0x3 bytes), align: 0
  Segment part 134.           Intra module refs:   ?Subroutine26
                                                   usbUartInit
           ENTRY                   ADDRESS         REF BY
           =====                   =======         ======
           halIntOn                00000CA1 
               XSTACK = 0000000B ( 00000000 )
    -------------------------------------------------------------------------
NEAR_CODE
  Relative segment, address: CODE 00000CA4 - 00000CA6 (0x3 bytes), align: 0
  Segment part 135.           Intra module refs:   usbUartProcess
           ENTRY                   ADDRESS         REF BY
           =====                   =======         ======
           halIntOff               00000CA4 
               XSTACK = 0000000A ( 00000000 )
    -------------------------------------------------------------------------
NEAR_CODE
  Relative segment, address: CODE 00000CA7 - 00000CB3 (0xd bytes), align: 0
  Segment part 136.           Intra module refs:   bufGet
                                                   bufInit
                                                   bufPut
           ENTRY                   ADDRESS         REF BY
           =====                   =======         ======
           halIntLock              00000CA7 
               XSTACK = 0000000D ( 00000000 )
    -------------------------------------------------------------------------
NEAR_CODE
  Relative segment, address: CODE 00000CB4 - 00000CB9 (0x6 bytes), align: 0
  Segment part 137.           Intra module refs:   ?Subroutine8
                                                   bufInit
           ENTRY                   ADDRESS         REF BY
           =====                   =======         ======
           halIntUnlock            00000CB4 
               XSTACK = 0000000D ( 00000000 )
    -------------------------------------------------------------------------
NEAR_CODE
  Relative segment, address: CODE 00000CBA - 00000CBC (0x3 bytes), align: 0
  Segment part 138.           Intra module refs:   main
                                                   usbcrHookProcessOut
           ENTRY                   ADDRESS         REF BY
           =====                   =======         ======
           halLedSet               00000CBA 
    -------------------------------------------------------------------------
NEAR_CODE
  Relative segment, address: CODE 00000CBD - 00000CBF (0x3 bytes), align: 0
  Segment part 139.           Intra module refs:   main
                                                   usbcrHookProcessOut
           ENTRY                   ADDRESS         REF BY
           =====                   =======         ======
           halLedClear             00000CBD 
    -------------------------------------------------------------------------
XDATA_Z
  Relative segment, address: XDATA 0000F1B4 - 0000F1B5 (0x2 bytes), align: 0
  Segment part 51.            Intra module refs:   T1_ISR
                                                   main
           LOCAL                   ADDRESS         
           =====                   =======         
           fptr                    0000F1B4 
    -------------------------------------------------------------------------
NEAR_CODE
  Relative segment, address: CODE 00000CC0 - 00000CD4 (0x15 bytes), align: 0
  Segment part 140.           Intra module refs:   T1_ISR::??INTVEC 75
           ENTRY                   ADDRESS         REF BY
           =====                   =======         ======
           T1_ISR                  00000CC0 
               interrupt function
               XSTACK = 00000000 ( 0000000E )
    -------------------------------------------------------------------------
NEAR_CODE
  Relative segment, address: CODE 00000CD5 - 00000CD9 (0x5 bytes), align: 0
  Segment part 141.           Intra module refs:   T1_ISR
                                                   usbirqResumeHandler
           LOCAL                   ADDRESS         
           =====                   =======         
           ?Subroutine5            00000CD5 
    -------------------------------------------------------------------------
XDATA_Z
  Relative segment, address: XDATA 0000F1B6 - 0000F278 (0xc3 bytes), align: 0
  Segment part 52.            Intra module refs:   main
                                                   usbUartProcess
           ENTRY                   ADDRESS         REF BY
           =====                   =======         ======
           rbRxBuf                 0000F1B6 
    -------------------------------------------------------------------------
XDATA_Z
  Relative segment, address: XDATA 0000F279 - 0000F33B (0xc3 bytes), align: 0
  Segment part 53.            Intra module refs:   main
                                                   usbUartProcess
           ENTRY                   ADDRESS         REF BY
           =====                   =======         ======
           rbTxBuf                 0000F279 
    -------------------------------------------------------------------------
XDATA_Z
  Relative segment, address: XDATA 0000F33C - 0000F33C (0x1 bytes), align: 0
  Segment part 54.            Intra module refs:   MRFI_Init
                                                   MRFI_RfIsr
                                                   MRFI_RxOn
                                                   MRFI_SetLogicalChannel
                                                   MRFI_Sleep
                                                   MRFI_WakeUp
           LOCAL                   ADDRESS         
           =====                   =======         
           mrfiRadioState          0000F33C 
    -------------------------------------------------------------------------
XDATA_Z
  Relative segment, address: XDATA 0000F33D - 0000F37C (0x40 bytes), align: 0
  Segment part 55.            Intra module refs:   ?Subroutine47
                                                   MRFI_RfIsr
                                                   Mrfi_RxModeOn
           LOCAL                   ADDRESS         
           =====                   =======         
           mrfiIncomingPacket      0000F33D 
    -------------------------------------------------------------------------
XDATA_Z
  Relative segment, address: XDATA 0000F37D - 0000F37E (0x2 bytes), align: 0
  Segment part 56.            Intra module refs:   MRFI_Init
           LOCAL                   ADDRESS         
           =====                   =======         
           sReplyDelayScalar       0000F37D 
    -------------------------------------------------------------------------
XDATA_Z
  Relative segment, address: XDATA 0000F37F - 0000F380 (0x2 bytes), align: 0
  Segment part 57.            Intra module refs:   MRFI_Init
           LOCAL                   ADDRESS         
           =====                   =======         
           sBackoffHelper          0000F37F 
    -------------------------------------------------------------------------
XDATA_Z
  Relative segment, address: XDATA 0000F381 - 0000F388 (0x8 bytes), align: 0
  Segment part 58.            Intra module refs:   MRFI_Init
                                                   Mrfi_RxModeOn
           ENTRY                   ADDRESS         REF BY
           =====                   =======         ======
           mrfiDmaCfg              0000F381 
    -------------------------------------------------------------------------
NEAR_CODE
  Relative segment, address: CODE 00000CDA - 00000E08 (0x12f bytes), align: 0
  Segment part 142.           Intra module refs:   mrfiLinkInit
           ENTRY                   ADDRESS         REF BY
           =====                   =======         ======
           MRFI_Init               00000CDA 
               calls direct
               XSTACK = 00000008 ( 0000000B )
    -------------------------------------------------------------------------
NEAR_CODE
  Relative segment, address: CODE 00000E09 - 00000F35 (0x12d bytes), align: 0
  Segment part 143.           Intra module refs:   MRFI_RfIsr::??INTVEC 131
           ENTRY                   ADDRESS         REF BY
           =====                   =======         ======
           MRFI_RfIsr              00000E09 
               interrupt function
               calls direct
               XSTACK = 00000000 ( 00000011 )
    -------------------------------------------------------------------------
NEAR_CODE
  Relative segment, address: CODE 00000F36 - 00000F3A (0x5 bytes), align: 0
  Segment part 144.           Intra module refs:   MRFI_RfIsr
                                                   usbirqHandler
           LOCAL                   ADDRESS         
           =====                   =======         
           ?Subroutine6            00000F36 
    -------------------------------------------------------------------------
NEAR_CODE
  Relative segment, address: CODE 00000F3B - 00000F48 (0xe bytes), align: 0
  Segment part 145.           Intra module refs:   MRFI_Init
                                                   MRFI_RfIsr
                                                   Mrfi_RxModeOn
           LOCAL                   ADDRESS         
           =====                   =======         
           ?Subroutine47           00000F3B 
    -------------------------------------------------------------------------
NEAR_CODE
  Relative segment, address: CODE 00000F49 - 00000F49 (0x1 bytes), align: 0
  Segment part 146.           Intra module refs:   MRFI_RfIsr
                                                   usbUartProcess
           LOCAL                   ADDRESS         
           =====                   =======         
           ?Subroutine46           00000F49 
    -------------------------------------------------------------------------
NEAR_CODE
  Relative segment, address: CODE 00000F4A - 00000F51 (0x8 bytes), align: 0
  Segment part 147.           Intra module refs:   ?Subroutine46
                                                   MRFI_Init
    -------------------------------------------------------------------------
NEAR_CODE
  Relative segment, address: CODE 00000F52 - 00000F75 (0x24 bytes), align: 0
  Segment part 148.           Intra module refs:   mrfiLinkInit
           ENTRY                   ADDRESS         REF BY
           =====                   =======         ======
           MRFI_Sleep              00000F52 
               calls direct, is indirectly called
               XSTACK = 00000000 ( 00000008 )
    -------------------------------------------------------------------------
NEAR_CODE
  Relative segment, address: CODE 00000F76 - 00000FA7 (0x32 bytes), align: 0
  Segment part 149.           Intra module refs:   linkRestore
                                                   mrfiLinkInit
           ENTRY                   ADDRESS         REF BY
           =====                   =======         ======
           MRFI_WakeUp             00000F76 
               XSTACK = 00000008 ( 00000000 )
               ISTACK = 00000000 ( 00000002 )
    -------------------------------------------------------------------------
NEAR_CODE
  Relative segment, address: CODE 00000FA8 - 00000FF4 (0x4d bytes), align: 0
  Segment part 150.           Intra module refs:   MRFI_RfIsr
                                                   MRFI_RxOn
                                                   MRFI_SetLogicalChannel
           LOCAL                   ADDRESS         
           =====                   =======         
           Mrfi_RxModeOn           00000FA8 
               calls direct
               XSTACK = 0000000F ( 0000000B )
    -------------------------------------------------------------------------
NEAR_CODE
  Relative segment, address: CODE 00000FF5 - 00001011 (0x1d bytes), align: 0
  Segment part 151.           Intra module refs:   linkRestore
                                                   mrfiLinkInit
           ENTRY                   ADDRESS         REF BY
           =====                   =======         ======
           MRFI_RxOn               00000FF5 
               calls direct
               XSTACK = 00000008 ( 00000000 )
               ISTACK = 00000000 ( 00000002 )
    -------------------------------------------------------------------------
NEAR_CODE
  Relative segment, address: CODE 00001012 - 00001031 (0x20 bytes), align: 0
  Segment part 152.           Intra module refs:   MRFI_Init
                                                   MRFI_RfIsr
                                                   MRFI_SetLogicalChannel
                                                   MRFI_Sleep
           LOCAL                   ADDRESS         
           =====                   =======         
           Mrfi_RxModeOff          00001012 
               XSTACK = 0000000F ( 00000000 )
               ISTACK = 00000000 ( 00000002 )
    -------------------------------------------------------------------------
XDATA_I
  Relative segment, address: XDATA 0000F693 - 0000F696 (0x4 bytes), align: 0
  Segment part 59.            Intra module refs:   MRFI_RfIsr
           ENTRY                   ADDRESS         REF BY
           =====                   =======         ======
           mrfiBroadcastAddr       0000F693 
    -------------------------------------------------------------------------
XDATA_I
  Relative segment, address: XDATA 0000F697 - 0000F69A (0x4 bytes), align: 0
  Segment part 61.            Intra module refs:   MRFI_SetLogicalChannel
           LOCAL                   ADDRESS         
           =====                   =======         
           mrfiLogicalChanTable    0000F697 
    -------------------------------------------------------------------------
XDATA_Z
  Relative segment, address: XDATA 0000F389 - 0000F389 (0x1 bytes), align: 0
  Segment part 63.            Intra module refs:   MRFI_RfIsr
                                                   mrfiLinkInit
           LOCAL                   ADDRESS         
           =====                   =======         
           mrfiRxFilterEnabled     0000F389 
    -------------------------------------------------------------------------
XDATA_I
  Relative segment, address: XDATA 0000F69B - 0000F69E (0x4 bytes), align: 0
  Segment part 64.            Intra module refs:   ?Subroutine42
                                                   mrfiLinkInit
           LOCAL                   ADDRESS         
           =====                   =======         
           mrfiRxFilterAddr        0000F69B 
    -------------------------------------------------------------------------
XDATA_Z
  Relative segment, address: XDATA 0000F38A - 0000F3C9 (0x40 bytes), align: 0
  Segment part 66.            Intra module refs:   MRFI_RfIsr
           LOCAL                   ADDRESS         
           =====                   =======         
           pkt                     0000F38A 
    -------------------------------------------------------------------------
XDATA_Z
  Relative segment, address: XDATA 0000F3CA - 0000F3CD (0x4 bytes), align: 0
  Segment part 67.            Intra module refs:   mrfiLinkInit
           LOCAL                   ADDRESS         
           =====                   =======         
           dest_addr               0000F3CA 
    -------------------------------------------------------------------------
XDATA_Z
  Relative segment, address: XDATA 0000F3CE - 0000F3D1 (0x4 bytes), align: 0
  Segment part 68.            Intra module refs:   mrfiLinkInit
           LOCAL                   ADDRESS         
           =====                   =======         
           src_addr                0000F3CE 
    -------------------------------------------------------------------------
XDATA_Z
  Relative segment, address: XDATA 0000F3D2 - 0000F3D2 (0x1 bytes), align: 0
  Segment part 69.            Intra module refs:   MRFI_RfIsr
                                                   mrfiLinkInit
           LOCAL                   ADDRESS         
           =====                   =======         
           mrfiPktRdy              0000F3D2 
    -------------------------------------------------------------------------
XDATA_Z
  Relative segment, address: XDATA 0000F3D3 - 0000F3D3 (0x1 bytes), align: 0
  Segment part 70.            Intra module refs:   MRFI_RfIsr
                                                   mrfiLinkInit
           LOCAL                   ADDRESS         
           =====                   =======         
           fAckRdy                 0000F3D3 
    -------------------------------------------------------------------------
XDATA_Z
  Relative segment, address: XDATA 0000F3D4 - 0000F3D4 (0x1 bytes), align: 0
  Segment part 71.            Intra module refs:   mrfiLinkInit
           LOCAL                   ADDRESS         
           =====                   =======         
           seqSend                 0000F3D4 
    -------------------------------------------------------------------------
XDATA_Z
  Relative segment, address: XDATA 0000F3D5 - 0000F3D5 (0x1 bytes), align: 0
  Segment part 72.            Intra module refs:   mrfiLinkInit
           LOCAL                   ADDRESS         
           =====                   =======         
           seqRecv                 0000F3D5 
    -------------------------------------------------------------------------
XDATA_Z
  Relative segment, address: XDATA 0000F3D6 - 0000F3D7 (0x2 bytes), align: 0
  Segment part 73.            Intra module refs:   main
           LOCAL                   ADDRESS         
           =====                   =======         
           nTxErr                  0000F3D6 
    -------------------------------------------------------------------------
XDATA_Z
  Relative segment, address: XDATA 0000F3D8 - 0000F3D9 (0x2 bytes), align: 0
  Segment part 74.            Intra module refs:   main
           LOCAL                   ADDRESS         
           =====                   =======         
           nRxErr                  0000F3D8 
    -------------------------------------------------------------------------
XDATA_Z
  Relative segment, address: XDATA 0000F3DA - 0000F3DB (0x2 bytes), align: 0
  Segment part 75.            Intra module refs:   main
           LOCAL                   ADDRESS         
           =====                   =======         
           appRemoteAddr           0000F3DA 
    -------------------------------------------------------------------------
XDATA_Z
  Relative segment, address: XDATA 0000F3DC - 0000F3DD (0x2 bytes), align: 0
  Segment part 76.            Intra module refs:   main
           LOCAL                   ADDRESS         
           =====                   =======         
           appLocalAddr            0000F3DC 
    -------------------------------------------------------------------------
XDATA_Z
  Relative segment, address: XDATA 0000F3DE - 0000F3DE (0x1 bytes), align: 0
  Segment part 77.            Intra module refs:   main
           LOCAL                   ADDRESS         
           =====                   =======         
           appRole                 0000F3DE 
    -------------------------------------------------------------------------
XDATA_Z
  Relative segment, address: XDATA 0000F3DF - 0000F3DF (0x1 bytes), align: 0
  Segment part 78.            Intra module refs:   appTimerISR
                                                   main
           LOCAL                   ADDRESS         
           =====                   =======         
           appUartRxIdle           0000F3DF 
    -------------------------------------------------------------------------
NEAR_CODE
  Relative segment, address: CODE 00001032 - 0000103A (0x9 bytes), align: 0
  Segment part 153.           Intra module refs:   usbvrHookProcessIn
                                                   usbvrHookProcessOut
           LOCAL                   ADDRESS         
           =====                   =======         
           ?Subroutine3            00001032 
    -------------------------------------------------------------------------
NEAR_CODE
  Relative segment, address: CODE 0000103B - 0000103B (0x1 bytes), align: 0
  Segment part 154.           Intra module refs:   ?Subroutine3
                                                   ShiftRows
                                                   appTimerISR
                                                   usbsuspStopPm1
    -------------------------------------------------------------------------
NEAR_CODE
  Relative segment, address: CODE 0000103C - 00001040 (0x5 bytes), align: 0
  Segment part 155.           Intra module refs:   ChangeFeature
                                                   MRFI_RxOn
                                                   MRFI_WakeUp
                                                   Mrfi_RxModeOff
                                                   Segment part 154
                                                   usbcrHookProcessIn
                                                   usbcrHookProcessOut
                                                   usbdpFindNext
                                                   usbfwSetAllEpStatus
                                                   usbsrGetStatus
                                                   usbsuspEnter
    -------------------------------------------------------------------------
NEAR_CODE
  Relative segment, address: CODE 00001041 - 0000107A (0x3a bytes), align: 0
  Segment part 156.           Intra module refs:   MRFI_Init
           LOCAL                   ADDRESS         
           =====                   =======         
           Mrfi_DelayUsec          00001041 
               calls direct
               XSTACK = 00000009 ( 00000009 )
    -------------------------------------------------------------------------
NEAR_CODE
  Relative segment, address: CODE 0000107B - 0000107F (0x5 bytes), align: 0
  Segment part 157.           Intra module refs:   MRFI_Init
                                                   Mrfi_DelayUsec
                                                   Mrfi_RxModeOn
                                                   SubBytes
                                                   bufInit
                                                   usbdpGetConfigurationDesc
           LOCAL                   ADDRESS         
           =====                   =======         
           ?Subroutine2            0000107B 
    -------------------------------------------------------------------------
NEAR_CODE
  Relative segment, address: CODE 00001080 - 000010B3 (0x34 bytes), align: 0
  Segment part 158.           Intra module refs:   MRFI_RfIsr
           LOCAL                   ADDRESS         
           =====                   =======         
           Mrfi_CalculateRssi      00001080 
               XSTACK = 0000000F ( 00000000 )
               ISTACK = 00000000 ( 00000002 )
    -------------------------------------------------------------------------
NEAR_CODE
  Relative segment, address: CODE 000010B4 - 000010E3 (0x30 bytes), align: 0
  Segment part 159.           Intra module refs:   MRFI_Init
                                                   mrfiLinkInit
           ENTRY                   ADDRESS         REF BY
           =====                   =======         ======
           MRFI_SetLogicalChannel
                                   000010B4 
               calls direct
               XSTACK = 00000009 ( 00000008 )
    -------------------------------------------------------------------------
NEAR_CODE
  Relative segment, address: CODE 000010E4 - 0000117D (0x9a bytes), align: 0
  Segment part 160.           Intra module refs:   main
           ENTRY                   ADDRESS         REF BY
           =====                   =======         ======
           mrfiLinkInit            000010E4 
               calls direct
               XSTACK = 00000000 ( 00000008 )
               ISTACK = 00000000 ( 00000001 )
    -------------------------------------------------------------------------
NEAR_CODE
  Relative segment, address: CODE 0000117E - 00001182 (0x5 bytes), align: 0
  Segment part 161.           Intra module refs:   BlockCopy
                                                   MRFI_SetLogicalChannel
                                                   MRFI_Sleep
                                                   mrfiLinkInit
                                                   tiny_aes_128_mode
                                                   usbfwReadFifo
                                                   usbfwWriteFifo
           LOCAL                   ADDRESS         
           =====                   =======         
           ?Subroutine4            0000117E 
    -------------------------------------------------------------------------
NEAR_CODE
  Relative segment, address: CODE 00001183 - 0000118D (0xb bytes), align: 0
  Segment part 162.           Intra module refs:   MRFI_RfIsr
                                                   mrfiLinkInit
           LOCAL                   ADDRESS         
           =====                   =======         
           ?Subroutine42           00001183 
    -------------------------------------------------------------------------
NEAR_CODE
  Relative segment, address: CODE 0000118E - 00001193 (0x6 bytes), align: 0
  Segment part 163.           Intra module refs:   mrfiLinkInit
           LOCAL                   ADDRESS         
           =====                   =======         
           linkRestore             0000118E 
               calls direct, is indirectly called
    -------------------------------------------------------------------------
NEAR_CODE
  Relative segment, address: CODE 00001194 - 00001202 (0x6f bytes), align: 0
  Segment part 164.           Intra module refs:   main
           ENTRY                   ADDRESS         REF BY
           =====                   =======         ======
           tiny_aes_128_mode       00001194 
               calls direct
               XSTACK = 00000000 ( 00000038 )
    -------------------------------------------------------------------------
NEAR_CODE
  Relative segment, address: CODE 00001203 - 0000131C (0x11a bytes), align: 0
  Segment part 165.
           ENTRY                   ADDRESS         REF BY
           =====                   =======         ======
           main                    00001203        ?call_main (?cmain)
               calls direct
    -------------------------------------------------------------------------
NEAR_CODE
  Relative segment, address: CODE 0000131D - 00001327 (0xb bytes), align: 0
  Segment part 166.           Intra module refs:   MRFI_Init
                                                   main
           LOCAL                   ADDRESS         
           =====                   =======         
           ?Subroutine39           0000131D 
    -------------------------------------------------------------------------
NEAR_CODE
  Relative segment, address: CODE 00001328 - 0000132F (0x8 bytes), align: 0
  Segment part 167.           Intra module refs:   MRFI_Init
                                                   main
           LOCAL                   ADDRESS         
           =====                   =======         
           ?Subroutine36           00001328 
    -------------------------------------------------------------------------
NEAR_CODE
  Relative segment, address: CODE 00001330 - 0000133B (0xc bytes), align: 0
  Segment part 168.           Intra module refs:   main
           LOCAL                   ADDRESS         
           =====                   =======         
           appTimerISR             00001330 
               is indirectly called
               ISTACK = 00000000 ( 00000002 )
    -------------------------------------------------------------------------
NEAR_CODE
  Relative segment, address: CODE 0000133C - 0000138D (0x52 bytes), align: 0
  Segment part 169.           Intra module refs:   usbfwSetupHandler
           ENTRY                   ADDRESS         REF BY
           =====                   =======         ======
           usbcrHookProcessOut     0000133C 
               calls direct, is indirectly called
               XSTACK = 0000000B ( 00000000 )
               ISTACK = 00000000 ( 00000002 )
    -------------------------------------------------------------------------
NEAR_CODE
  Relative segment, address: CODE 0000138E - 000013B8 (0x2b bytes), align: 0
  Segment part 170.           Intra module refs:   usbfwSetupHandler
           ENTRY                   ADDRESS         REF BY
           =====                   =======         ======
           usbcrHookProcessIn      0000138E 
               is indirectly called
               XSTACK = 0000000B ( 00000000 )
               ISTACK = 00000000 ( 00000002 )
    -------------------------------------------------------------------------
NEAR_CODE
  Relative segment, address: CODE 000013B9 - 000013BB (0x3 bytes), align: 0
  Segment part 171.           Intra module refs:   usbfwSetupHandler
           ENTRY                   ADDRESS         REF BY
           =====                   =======         ======
           usbvrHookProcessOut     000013B9 
               is indirectly called
               ISTACK = 00000000 ( 00000002 )
    -------------------------------------------------------------------------
NEAR_CODE
  Relative segment, address: CODE 000013BC - 000013BE (0x3 bytes), align: 0
  Segment part 172.           Intra module refs:   usbfwSetupHandler
           ENTRY                   ADDRESS         REF BY
           =====                   =======         ======
           usbvrHookProcessIn      000013BC 
               is indirectly called
               ISTACK = 00000000 ( 00000002 )
    -------------------------------------------------------------------------
XDATA_Z
  Relative segment, address: XDATA 0000F3E0 - 0000F3E1 (0x2 bytes), align: 0
  Segment part 79.            Intra module refs:   ?Subroutine17
                                                   ?Subroutine31
                                                   ?Subroutine53
                                                   usbdpFindNext
           LOCAL                   ADDRESS         
           =====                   =======         
           usbdpData               0000F3E0 
    -------------------------------------------------------------------------
NEAR_CODE
  Relative segment, address: CODE 000013BF - 00001402 (0x44 bytes), align: 0
  Segment part 173.           Intra module refs:   ConfigureEndpoints
                                                   usbdpGetConfigurationDesc
                                                   usbfwSetupHandler
                                                   usbsrGetDescriptor
                                                   usbsrSetConfiguration
           ENTRY                   ADDRESS         REF BY
           =====                   =======         ======
           usbdpFindNext           000013BF 
               XSTACK = 0000000F ( 00000000 )
               ISTACK = 00000000 ( 00000002 )
    -------------------------------------------------------------------------
NEAR_CODE
  Relative segment, address: CODE 00001403 - 0000140C (0xa bytes), align: 0
  Segment part 174.           Intra module refs:   usbdpFindNext
           LOCAL                   ADDRESS         
           =====                   =======         
           ?Subroutine31           00001403 
    -------------------------------------------------------------------------
NEAR_CODE
  Relative segment, address: CODE 0000140D - 00001412 (0x6 bytes), align: 0
  Segment part 175.           Intra module refs:   ?Subroutine31
                                                   T1_ISR
                                                   usbsuspEnter
           LOCAL                   ADDRESS         
           =====                   =======         
           ?Subroutine51           0000140D 
    -------------------------------------------------------------------------
NEAR_CODE
  Relative segment, address: CODE 00001413 - 00001418 (0x6 bytes), align: 0
  Segment part 176.           Intra module refs:   usbcrHookProcessOut
                                                   usbdpFindNext
                                                   usbsrGetDescriptor
           LOCAL                   ADDRESS         
           =====                   =======         
[...]
    -------------------------------------------------------------------------
RCODE
  Relative segment, address: CODE 00000579 - 00000584 (0xc bytes), align: 0
  Segment part 2.             Intra module refs:   ?US_SHR

    -------------------------------------------------------------------------
  LIBRARY MODULE, NAME : ?S_SHL

  SEGMENTS IN THE MODULE
  ======================
RCODE
  Relative segment, address: CODE 00000585 - 00000587 (0x3 bytes), align: 0
  Segment part 0.
           ENTRY                   ADDRESS         REF BY
           =====                   =======         ======
           ?S_SHL                  00000585        AddRoundKey (adc)
                                                   ConfigureEndpoints (adc)
                                                   KeyExpansion (adc)
                                                   MixColumns (adc)
                                                   SubBytes (adc)
                                                   usbirqHandler (adc)
                                                   usbsrGetDescriptor (adc)
    -------------------------------------------------------------------------
RCODE
  Relative segment, address: CODE 00000588 - 0000058A (0x3 bytes), align: 0
  Segment part 1.             Intra module refs:   Segment part 2
           ENTRY                   ADDRESS         REF BY
           =====                   =======         ======
           ?S_SHL_REW              00000588 
    -------------------------------------------------------------------------
RCODE
  Relative segment, address: CODE 0000058B - 00000597 (0xd bytes), align: 0
  Segment part 2.             Intra module refs:   ?S_SHL
                                                   ?S_SHL_REW

    -------------------------------------------------------------------------
  LIBRARY MODULE, NAME : ?ALLOC_XSTACK8

  SEGMENTS IN THE MODULE
  ======================
RCODE
  Relative segment, address: CODE 00000598 - 000005AD (0x16 bytes), align: 0
  Segment part 0.
           ENTRY                   ADDRESS         REF BY
           =====                   =======         ======
           ?ALLOC_XSTACK8          00000598        KeyExpansion (adc)
                                                   MixColumns (adc)
                                                   tiny_aes_128_mode (adc)

    -------------------------------------------------------------------------
  LIBRARY MODULE, NAME : ?DEALLOC_XSTACK8

  SEGMENTS IN THE MODULE
  ======================
RCODE
  Relative segment, address: CODE 000005AE - 000005C8 (0x1b bytes), align: 0
  Segment part 0.
           ENTRY                   ADDRESS         REF BY
           =====                   =======         ======
           ?DEALLOC_XSTACK8        000005AE        ?Subroutine0 (adc)
                                                   MRFI_Init (adc)
                                                   MRFI_RfIsr (adc)
                                                   Mrfi_RxModeOn (adc)
                                                   tiny_aes_128_mode (adc)
                                                   usbUartProcess (adc)
                                                   usbfwSetupHandler (adc)

    -------------------------------------------------------------------------
  LIBRARY MODULE, NAME : ?ADD_XSTACK_DISP8

  SEGMENTS IN THE MODULE
  ======================
RCODE
  Relative segment, address: CODE 000005C9 - 000005E3 (0x1b bytes), align: 0
  Segment part 1.
           ENTRY                   ADDRESS         REF BY
           =====                   =======         ======
           ?ADD_XSTACK_DISP0_8     000005C9        ?PUSH_XSTACK_I (?PUSH_XSTACK_I)

    -------------------------------------------------------------------------
  LIBRARY MODULE, NAME : ?XSTACK_DISP8

  SEGMENTS IN THE MODULE
  ======================
RCODE
  Relative segment, address: CODE 000005E4 - 000005ED (0xa bytes), align: 0
  Segment part 1.
           ENTRY                   ADDRESS         REF BY
           =====                   =======         ======
           ?XSTACK_DISP0_8         000005E4        KeyExpansion (adc)
                                                   memmove (?memmove)
                                                   usbfwReadFifo (adc)
                                                   usbfwWriteFifo (adc)

    -------------------------------------------------------------------------
  LIBRARY MODULE, NAME : ?XSTACK_DISP8_RP

  SEGMENTS IN THE MODULE
  ======================
RCODE
  Relative segment, address: CODE 000005EE - 000005F5 (0x8 bytes), align: 0
  Segment part 0.
           ENTRY                   ADDRESS         REF BY
           =====                   =======         ======
           ?XSTACK_DISP100_8       000005EE        tiny_aes_128_mode (adc)
    -------------------------------------------------------------------------
RCODE
  Relative segment, address: CODE 000005F6 - 000005FD (0x8 bytes), align: 0
  Segment part 2.
           ENTRY                   ADDRESS         REF BY
           =====                   =======         ======
           ?XSTACK_DISP102_8       000005F6        tiny_aes_128_mode (adc)

    -------------------------------------------------------------------------
  LIBRARY MODULE, NAME : ?CALL_IND

  SEGMENTS IN THE MODULE
  ======================
RCODE
  Relative segment, address: CODE 000005FE - 000005FF (0x2 bytes), align: 0
  Segment part 0.
           ENTRY                   ADDRESS         REF BY
           =====                   =======         ======
           ?CALL_IND               000005FE        T1_ISR (adc)
                                                   usbfwSetupHandler (adc)
                                                   usbsuspEnter (adc)

    -------------------------------------------------------------------------
  LIBRARY MODULE, NAME : ?FUNC_ENTER_XDATA

  SEGMENTS IN THE MODULE
  ======================
RCODE
  Relative segment, address: CODE 00000600 - 00000665 (0x66 bytes), align: 0
  Segment part 1.
           ENTRY                   ADDRESS         REF BY
           =====                   =======         ======
           ?FUNC_ENTER_XDATA       00000600        AddRoundKey (adc)
                                                   BlockCopy (adc)
                                                   ConfigureEndpoints (adc)
                                                   KeyExpansion (adc)
                                                   MRFI_Init (adc)
                                                   MRFI_SetLogicalChannel (adc)
                                                   MRFI_Sleep (adc)
                                                   MixColumns (adc)
                                                   Mrfi_DelayUsec (adc)
                                                   Mrfi_RxModeOn (adc)
                                                   SubBytes (adc)
                                                   bufGet (adc)
                                                   bufInit (adc)
                                                   bufPut (adc)
                                                   memmove (?memmove)
                                                   mrfiLinkInit (adc)
                                                   tiny_aes_128_mode (adc)
                                                   usbUartInit (adc)
                                                   usbUartProcess (adc)
                                                   usbdpGetConfigurationDesc (adc)
                                                   usbfwReadFifo (adc)
                                                   usbfwSetupHandler (adc)
                                                   usbfwWriteFifo (adc)
                                                   usbsrGetDescriptor (adc)
                                                   usbsrSetConfiguration (adc)

    -------------------------------------------------------------------------
  LIBRARY MODULE, NAME : ?FUNC_LEAVE_XDATA

  SEGMENTS IN THE MODULE
  ======================
RCODE
  Relative segment, address: CODE 00000666 - 000006A5 (0x40 bytes), align: 0
  Segment part 1.
           ENTRY                   ADDRESS         REF BY
           =====                   =======         ======
           ?FUNC_LEAVE_XDATA       00000666        ?Subroutine1 (adc)
                                                   ?Subroutine2 (adc)
                                                   ?Subroutine4 (adc)
                                                   ?Subroutine7 (adc)
                                                   ?Subroutine8 (adc)
                                                   Segment part 107 (adc)
                                                   memmove (?memmove)

    -------------------------------------------------------------------------
  LIBRARY MODULE, NAME : ?INTERRUPT_ENTER_XSP

  SEGMENTS IN THE MODULE
  ======================
RCODE
  Relative segment, address: CODE 000006A6 - 00000704 (0x5f bytes), align: 0
  Segment part 1.
           ENTRY                   ADDRESS         REF BY
           =====                   =======         ======
           ?INTERRUPT_ENTER_XSP    000006A6        MRFI_RfIsr (adc)
                                                   T1_ISR (adc)
                                                   usbirqHandler (adc)
                                                   usbirqResumeHandler (adc)

    -------------------------------------------------------------------------
  LIBRARY MODULE, NAME : ?INTERRUPT_LEAVE_XSP

  SEGMENTS IN THE MODULE
  ======================
RCODE
  Relative segment, address: CODE 00000705 - 0000075C (0x58 bytes), align: 0
  Segment part 1.
           ENTRY                   ADDRESS         REF BY
           =====                   =======         ======
           ?INTERRUPT_LEAVE_XSP    00000705        ?Subroutine5 (adc)
                                                   ?Subroutine6 (adc)

    -------------------------------------------------------------------------
  LIBRARY MODULE, NAME : ?PUSH_XSTACK_I

  SEGMENTS IN THE MODULE
  ======================
RCODE
  Relative segment, address: CODE 0000075D - 00000760 (0x4 bytes), align: 0
  Segment part 1.
           ENTRY                   ADDRESS         REF BY
           =====                   =======         ======
           ?PUSH_XSTACK_I_THREE    0000075D        usbUartProcess (adc)
                                                   usbfwSetupHandler (adc)
    -------------------------------------------------------------------------
RCODE
  Relative segment, address: CODE 00000761 - 00000764 (0x4 bytes), align: 0
  Segment part 2.
           ENTRY                   ADDRESS         REF BY
           =====                   =======         ======
           ?PUSH_XSTACK_I_TWO      00000761        MRFI_Init (adc)
                                                   MRFI_RfIsr (adc)
                                                   Mrfi_RxModeOn (adc)
    -------------------------------------------------------------------------
RCODE
  Relative segment, address: CODE 00000765 - 00000771 (0xd bytes), align: 0
  Segment part 4.             Intra module refs:   ?PUSH_XSTACK_I_THREE
                                                   ?PUSH_XSTACK_I_TWO
           ENTRY                   ADDRESS         REF BY
           =====                   =======         ======
           ?PUSH_XSTACK_I          00000765 

    -------------------------------------------------------------------------
  LIBRARY MODULE, NAME : ?PUSH_XSTACK8_X

  SEGMENTS IN THE MODULE
  ======================
RCODE
  Relative segment, address: CODE 00000772 - 00000775 (0x4 bytes), align: 0
  Segment part 2.
           ENTRY                   ADDRESS         REF BY
           =====                   =======         ======
           ?PUSH_XSTACK8_X_THREE   00000772        usbfwSetupHandler (adc)
    -------------------------------------------------------------------------
RCODE
  Relative segment, address: CODE 00000776 - 0000079E (0x29 bytes), align: 0
  Segment part 5.             Intra module refs:   ?PUSH_XSTACK8_X_THREE
           ENTRY                   ADDRESS         REF BY
           =====                   =======         ======
           ?PUSH_XSTACK8_X         00000776 

    -------------------------------------------------------------------------
  LIBRARY MODULE, NAME : ?memmove

  SEGMENTS IN THE MODULE
  ======================
NEAR_CODE
  Relative segment, address: CODE 000021FC - 00002281 (0x86 bytes), align: 0
  Segment part 6.
           ENTRY                   ADDRESS         REF BY
           =====                   =======         ======
           memmove                 000021FC        MRFI_RfIsr (adc)
               XSTACK = 00000002 ( 00000009 )
               ISTACK = 00000000 ( 00000001 )
    -------------------------------------------------------------------------
NEAR_CODE
  Relative segment, address: CODE 00002282 - 00002294 (0x13 bytes), align: 0
  Segment part 7.             Intra module refs:   memmove

    -------------------------------------------------------------------------
  LIBRARY MODULE, NAME : ?memset

  SEGMENTS IN THE MODULE
  ======================
NEAR_CODE
  Relative segment, address: CODE 00002295 - 000022BE (0x2a bytes), align: 0
  Segment part 6.
           ENTRY                   ADDRESS         REF BY
           =====                   =======         ======
           memset                  00002295        ?Subroutine47 (adc)
               XSTACK = 00000002 ( 00000000 )
               ISTACK = 00000000 ( 00000002 )




                ****************************************
                *                                      *
                *            MODULE SUMMARY            *
                *                                      *
                ****************************************

Module                    CODE      DATA      XDATA  IDATA    BIT
------                    ----      ----      -----  -----    ---
                         (Rel)  (Rel)  (Abs)  (Rel)  (Rel)  (Rel)
?ADD_XSTACK_DISP8           27
?ALLOC_XSTACK8              22
?CALL_IND                    2
?C_GPTR_LOAD                26
?C_GPTR_STORE               22
?DEALLOC_XSTACK8            27
?FUNC_ENTER_XDATA          102
?FUNC_LEAVE_XDATA           64
?INTERRUPT_ENTER_XSP        95
?INTERRUPT_LEAVE_XSP        88
?L_ADD_TO_X                 19
?L_ADD_X                    19
?L_MOV_TO_X                 15
?L_MOV_X                    15
?MOVE_LONG8_XDATA_IDATA     13
?MOVE_LONG8_XDATA_XDATA     33
?PUSH_XSTACK8_X             45
?PUSH_XSTACK_I              21
?S_DIV_MOD                 154
?S_SHL                      19
?UL_GE_X                    31
?UL_GT_X                    16
?UL_SHR                     25
?US_SHR                     15
?XLOAD_R2345                12
?XSTACK_DISP8               10
?XSTACK_DISP8_RP            16
?cexit                       5
?cmain                      74
?memmove                   153
?memset                     42
CSTARTUP                    15
  + common                   3
VIRTUAL_REGISTERS                  10                           8
adc                      7 348      7     28  1 467
  + common                 134
usb_descriptor             171
N/A (command line)                  8           256     64
N/A (alignment)
----------               -----     --     --  -----     --      -
Total:                   8 761     25     28  1 723     64      8
  + common                 134


                ****************************************
                *                                      *
                *      SEGMENTS IN ADDRESS ORDER       *
                *                                      *
                ****************************************


SEGMENT              SPACE    START ADDRESS   END ADDRESS     SIZE  TYPE  ALIGN
=======              =====    =============   ===========     ====  ====  =====
INTVEC               CODE          00000000 - 00000085          86   com    0
CSTART               CODE          00000086 - 000000E3          5E   rel    0
IDATA_ID             CODE               000000E4                     dse    0
DATA_ID              CODE               000000E4                     dse    0
BIT_ID               CODE               000000E4                     dse    0
IXDATA_ID            CODE               000000E4                     dse    0
PDATA_ID             CODE               000000E4                     dse    0
BDATA_ID             CODE               000000E4                     dse    0
XDATA_ID             CODE          000000E4 - 0000033A         257   rel    0
RCODE                CODE          0000033B - 0000079E         464   rel    0
DIFUNCT              CODE               0000079F                     dse    0
CODE_C               CODE               0000079F                     dse    0
CODE_N               CODE               0000079F                     dse    0
NEAR_CODE            CODE          0000079F - 000022BE        1B20   rel    0
REGISTERS            DATA          00000000 - 00000007           8   rel    0
VREG                 DATA          00000008 - 0000000F           8   rel    0
PSP                  DATA               00000010                     dse    0
XSP                  DATA          00000010 - 00000011           2   rel    0
DATA_I               DATA               00000012                     dse    0
DATA_Z               DATA          00000012 - 00000018           7   rel    0
BREG                 BIT        00000020.0  -  00000020.7        8   rel    0
SFR_AN               DATA          00000089 - 00000089           1   rel    0
                     DATA          0000008B - 0000008C           2 
                     DATA          00000090 - 00000091           2 
                     DATA          0000009A - 0000009B           2 
                     DATA          000000A8 - 000000A8           1 
                     DATA          000000B8 - 000000B8           1 
                     DATA          000000BC - 000000BC           1 
                     DATA          000000BE - 000000BE           1 
                     DATA          000000C0 - 000000C0           1 
                     DATA          000000C6 - 000000C6           1 
                     DATA          000000CB - 000000CB           1 
                     DATA          000000CD - 000000CD           1 
                     DATA          000000D1 - 000000D1           1 
                     DATA          000000D4 - 000000D6           3 
                     DATA          000000D8 - 000000D8           1 
                     DATA          000000DA - 000000DB           2 
                     DATA          000000E1 - 000000E1           1 
                     DATA          000000E4 - 000000E4           1 
                     DATA          000000E8 - 000000E9           2 
                     DATA          000000F4 - 000000F4           1 
                     DATA          000000FE - 000000FE           1 
XSTACK               XDATA         0000F000 - 0000F0FF         100   rel    0
XDATA_Z              XDATA         0000F100 - 0000F463         364   rel    0
XDATA_I              XDATA         0000F464 - 0000F6BA         257   rel    0
ISTACK               IDATA         000000C0 - 000000FF          40   rel    0

                ****************************************
                *                                      *
                *        END OF CROSS REFERENCE        *
                *                                      *
                ****************************************

 8 895 bytes of CODE  memory
    25 bytes of DATA  memory (+ 28 absolute )
 1 723 bytes of XDATA memory
    64 bytes of IDATA memory
     8 bits  of BIT   memory

Errors: none
Warnings: none

